
> prisma-front@0.1.0 test
> vitest --coverage


[1m[30m[44m DEV [49m[39m[22m [34mv4.1.5 [39m[90mC:/Users/lucia/Documents/ms-prisma-front-30-04/prisma-front[39m
      [2mCoverage enabled with [22m[33mv8[39m

node.exe : (node:33144) [MODULE_TYPELESS_PACKAGE_JSON] Warning: Module type of 
file:///C:/Users/lucia/Documents/ms-prisma-front-30-04/prisma-front/postcss.con
fig.js?t=1778724728847 is not specified and it doesn't parse as CommonJS.
En línea: 1 Carácter: 1
+ & "C:\Program Files\nodejs/node.exe" "C:\Program Files\nodejs/node_mo ...
+ ~~~~~~~~~~~~~~~~~~~~~~~~~~~~~~~~~~~~~~~~~~~~~~~~~~~~~~~~~~~~~~~~~~~~~
    + CategoryInfo          : NotSpecified: ((node:33144) [M...se as CommonJS. 
   :String) [], RemoteException
    + FullyQualifiedErrorId : NativeCommandError
 
Reparsing as ES module because module syntax was detected. This incurs a 
performance overhead.
To eliminate this warning, add "type": "module" to 
C:\Users\lucia\Documents\ms-prisma-front-30-04\prisma-front\package.json.
(Use `node --trace-warnings ...` to show where the warning was created)
 [31mÔØ»[39m src/services/authErrors.test.js [2m([22m[2m11 tests[22m[2m | [22m[31m1 failed[39m[2m)[22m[32m 16[2mms[22m[39m
[31m       [31m├ù[31m debe tener codes definidos para errores conocidos[39m[32m 10[2mms[22m[39m
       [32mÔ£ô[39m debe retornar el c├│digo del error si existe[32m 1[2mms[22m[39m
       [32mÔ£ô[39m debe retornar null si no hay c├│digo[32m 0[2mms[22m[39m
       [32mÔ£ô[39m debe detectar errores de credenciales inv├ílidas[32m 0[2mms[22m[39m
       [32mÔ£ô[39m debe retornar false para otros errores[32m 0[2mms[22m[39m
       [32mÔ£ô[39m debe detectar errores de sesi├│n expirada[32m 0[2mms[22m[39m
       [32mÔ£ô[39m debe retornar false para otros errores[32m 0[2mms[22m[39m
       [32mÔ£ô[39m retorna el mensaje del backend cuando est├í disponible[32m 0[2mms[22m[39m
       [32mÔ£ô[39m debe usar el fallback cuando el mensaje no existe[32m 0[2mms[22m[39m
       [32mÔ£ô[39m debe retornar fallback cuando errorData es undefined[32m 0[2mms[22m[39m
       [32mÔ£ô[39m debe retornar mensaje vac├¡o si no hay fallback[32m 0[2mms[22m[39m
 [31mÔØ»[39m src/constants/api.test.js [2m([22m[2m16 tests[22m[2m | [22m[31m4 failed[39m[2m)[22m[32m 26[2mms[22m[39m
       [32mÔ£ô[39m debe tener todos los endpoints de autenticaci├│n[32m 4[2mms[22m[39m
       [32mÔ£ô[39m debe retornar strings v├ílidos para endpoints[32m 1[2mms[22m[39m
[31m       [31m├ù[31m debe tener endpoints bien formados[39m[32m 9[2mms[22m[39m
       [32mÔ£ô[39m debe tener todos los endpoints de chat[32m 0[2mms[22m[39m
       [32mÔ£ô[39m debe retornar funciones para endpoints din├ímicos[32m 0[2mms[22m[39m
       [32mÔ£ô[39m debe construir URLs de sesi├│n din├ímicas correctamente[32m 0[2mms[22m[39m
       [32mÔ£ô[39m debe retornar START como string[32m 0[2mms[22m[39m
       [32mÔ£ô[39m debe tener todos los endpoints de jobs[32m 0[2mms[22m[39m
       [32mÔ£ô[39m debe retornar funciones para endpoints din├ímicos[32m 0[2mms[22m[39m
       [32mÔ£ô[39m debe construir URLs de job din├ímicas correctamente[32m 0[2mms[22m[39m
       [32mÔ£ô[39m debe retornar strings para endpoints est├íticos[32m 0[2mms[22m[39m
[31m       [31m├ù[31m debe tener URLs base definidas[39m[32m 2[2mms[22m[39m
[31m       [31m├ù[31m debe retornar strings v├ílidos para URLs[39m[32m 4[2mms[22m[39m
[31m       [31m├ù[31m debe tener URLs que comiencen con http o env var[39m[32m 1[2mms[22m[39m
       [32mÔ£ô[39m no debe haber conflictos entre endpoints[32m 0[2mms[22m[39m
       [32mÔ£ô[39m debe seguir convenci├│n de rutas REST[32m 0[2mms[22m[39m
 [31mÔØ»[39m src/services/paciService.test.js [2m([22m[2m11 tests[22m[2m | [22m[31m11 failed[39m[2m)[22m[32m 107[2mms[22m[39m
[31m       [31m├ù[31m debe obtener todos los PACIs con filtros[39m[32m 99[2mms[22m[39m
[31m       [31m├ù[31m debe obtener solo PACIs activos[39m[32m 1[2mms[22m[39m
[31m       [31m├ù[31m debe obtener PACIs hist├│ricos[39m[32m 0[2mms[22m[39m
[31m       [31m├ù[31m debe obtener PACIs recientes con l├¡mite[39m[32m 0[2mms[22m[39m
[31m       [31m├ù[31m debe usar l├¡mite por defecto de 10[39m[32m 0[2mms[22m[39m
[31m       [31m├ù[31m debe crear un nuevo PACI[39m[32m 0[2mms[22m[39m
[31m       [31m├ù[31m debe crear un nuevo estudiante[39m[32m 0[2mms[22m[39m
[31m       [31m├ù[31m debe actualizar un PACI existente[39m[32m 0[2mms[22m[39m
[31m       [31m├ù[31m debe obtener un PACI por su ID[39m[32m 0[2mms[22m[39m
[31m       [31m├ù[31m debe obtener PACIs de un estudiante espec├¡fico[39m[32m 0[2mms[22m[39m
[31m       [31m├ù[31m debe eliminar un PACI[39m[32m 0[2mms[22m[39m
[90mstderr[2m | src/context/ActiveSessionContext.test.jsx[2m > 
[22m[2mActiveSessionContext[2m > [22m[2mSession tracking[2m > 
[22m[2mdebe permitir iniciar el rastreo de una sesi├│n
[22m[39mAn update to ActiveSessionProvider inside a test was not wrapped in 
act(...).

When testing, code that causes React state updates should be wrapped into 
act(...):

act(() => {
  /* fire events that update state */
});
/* assert on the output */

This ensures that you're testing the behavior the user would see in the 
browser. Learn more at https://react.dev/link/wrap-tests-with-act

 [31mÔØ»[39m src/components/ui/FloatingSessionIndicator.test.jsx [2m([22m[2m7 tests[22m[2m | [22m[31m7 failed[39m[2m)[22m[32m 64[2mms[22m[39m
[31m       [31m├ù[31m debe renderizar sin errores[39m[32m 39[2mms[22m[39m
[31m       [31m├ù[31m no debe mostrar indicador si no hay sesi├│n activa[39m[32m 4[2mms[22m[39m
[31m       [31m├ù[31m debe mostrar indicador cuando hay sesi├│n activa[39m[32m 3[2mms[22m[39m
[31m       [31m├ù[31m debe mostrar el estado de la sesi├│n[39m[32m 2[2mms[22m[39m
[31m       [31m├ù[31m debe cambiar de color seg├║n el estado[39m[32m 4[2mms[22m[39m
[31m       [31m├ù[31m debe tener posici├│n flotante[39m[32m 3[2mms[22m[39m
[31m       [31m├ù[31m debe mostrar animaci├│n cuando est├í en running[39m[32m 2[2mms[22m[39m
 [31mÔØ»[39m src/context/ActiveSessionContext.test.jsx [2m([22m[2m10 tests[22m[2m | [22m[31m2 failed[39m[2m)[22m[32m 138[2mms[22m[39m
       [32mÔ£ô[39m debe iniciar sin sesi├│n activa[32m 49[2mms[22m[39m
[31m       [31m├ù[31m debe recuperar sesi├│n del localStorage si existe[39m[32m 11[2mms[22m[39m
       [32mÔ£ô[39m debe ignorar datos inv├ílidos del localStorage[32m 3[2mms[22m[39m
       [32mÔ£ô[39m debe permitir iniciar el rastreo de una sesi├│n[32m 34[2mms[22m[39m
       [32mÔ£ô[39m debe permitir detener el rastreo de una sesi├│n[32m 7[2mms[22m[39m
       [32mÔ£ô[39m debe proporcionar contexto de sesi├│n activa[32m 5[2mms[22m[39m
[31m       [31m├ù[31m debe gestionar transiciones de fase correctamente[39m[32m 6[2mms[22m[39m
       [32mÔ£ô[39m debe manejar sesiones completadas[32m 3[2mms[22m[39m
       [32mÔ£ô[39m debe manejar errores en sesiones[32m 2[2mms[22m[39m
       [32mÔ£ô[39m debe limpiar localStorage al detener sesi├│n[32m 12[2mms[22m[39m
 [31mÔØ»[39m src/App.test.jsx [2m([22m[2m14 tests[22m[2m | [22m[31m11 failed[39m[2m)[22m[32m 127[2mms[22m[39m
     [32mÔ£ô[39m debe renderizar sin errores[32m 61[2mms[22m[39m
     [32mÔ£ô[39m debe mostrar FloatingSessionIndicator[32m 13[2mms[22m[39m
     [32mÔ£ô[39m debe mostrar SessionToast[32m 4[2mms[22m[39m
[31m     [31m├ù[31m debe proporcionar AuthProvider[39m[32m 12[2mms[22m[39m
[31m     [31m├ù[31m debe proporcionar ActiveSessionProvider[39m[32m 4[2mms[22m[39m
[31m     [31m├ù[31m debe mostrar loading mientras carga autenticaci├│n[39m[32m 8[2mms[22m[39m
[31m     [31m├ù[31m debe redirigir a login si no est├í autenticado[39m[32m 2[2mms[22m[39m
[31m     [31m├ù[31m debe mostrar p├ígina protegida si est├í autenticado[39m[32m 3[2mms[22m[39m
[31m     [31m├ù[31m debe mostrar LoginPage en ruta /login[39m[32m 3[2mms[22m[39m
[31m     [31m├ù[31m debe mostrar DashboardPage en ruta /dashboard[39m[32m 3[2mms[22m[39m
[31m     [31m├ù[31m debe mostrar PACIPage en ruta /paci[39m[32m 3[2mms[22m[39m
[31m     [31m├ù[31m debe mostrar ProfilePage en ruta /profile[39m[32m 3[2mms[22m[39m
[31m     [31m├ù[31m debe redirigir ruta ra├¡z a /dashboard[39m[32m 3[2mms[22m[39m
[31m     [31m├ù[31m debe manejar rutas inexistentes[39m[32m 2[2mms[22m[39m
 [31mÔØ»[39m src/components/ui/SessionToast.test.jsx [2m([22m[2m7 tests[22m[2m | [22m[31m7 failed[39m[2m)[22m[32m 56[2mms[22m[39m
[31m       [31m├ù[31m debe renderizar sin errores[39m[32m 42[2mms[22m[39m
[31m       [31m├ù[31m no debe mostrar nada si no hay sesi├│n activa[39m[32m 3[2mms[22m[39m
[31m       [31m├ù[31m debe mostrar toast cuando hay sesi├│n en ejecuci├│n[39m[32m 2[2mms[22m[39m
[31m       [31m├ù[31m debe mostrar mensaje cuando sesi├│n est├í completada[39m[32m 2[2mms[22m[39m
[31m       [31m├ù[31m debe mostrar error cuando hay error en sesi├│n[39m[32m 1[2mms[22m[39m
[31m       [31m├ù[31m debe mostrar indicador cuando est├í esperando HITL[39m[32m 1[2mms[22m[39m
[31m       [31m├ù[31m debe actualizar cuando cambia el estado de la sesi├│n[39m[32m 1[2mms[22m[39m
 [31mÔØ»[39m src/components/layout/MainContainer.test.jsx [2m([22m[2m11 tests[22m[2m | [22m[31m11 failed[39m[2m)[22m[32m 67[2mms[22m[39m
[31m       [31m├ù[31m debe renderizar sin errores[39m[32m 42[2mms[22m[39m
[31m       [31m├ù[31m debe renderizar contenido hijo[39m[32m 3[2mms[22m[39m
[31m       [31m├ù[31m debe renderizar m├║ltiples elementos hijos[39m[32m 2[2mms[22m[39m
[31m       [31m├ù[31m debe tener estructura de contenedor principal[39m[32m 1[2mms[22m[39m
[31m       [31m├ù[31m debe aplicar clases CSS apropiadaspara layout[39m[32m 2[2mms[22m[39m
[31m       [31m├ù[31m debe ser responsive[39m[32m 1[2mms[22m[39m
[31m       [31m├ù[31m debe tener padding/margin adecuado[39m[32m 1[2mms[22m[39m
[31m       [31m├ù[31m debe funcionar junto a TopNav[39m[32m 5[2mms[22m[39m
[31m       [31m├ù[31m debe usar etiqueta main sem├íntica si es posible[39m[32m 2[2mms[22m[39m
[31m       [31m├ù[31m debe manejar contenido grande[39m[32m 3[2mms[22m[39m
[31m       [31m├ù[31m debe permitir scroll si es necesario[39m[32m 1[2mms[22m[39m
 [31mÔØ»[39m src/components/layout/TopNav.test.jsx [2m([22m[2m13 tests[22m[2m | [22m[31m2 failed[39m[2m)[22m[32m 145[2mms[22m[39m
       [32mÔ£ô[39m debe renderizar sin errores[32m 56[2mms[22m[39m
       [32mÔ£ô[39m debe mostrar logo o branding[32m 7[2mms[22m[39m
       [32mÔ£ô[39m debe mostrar informaci├│n del usuario[32m 6[2mms[22m[39m
       [32mÔ£ô[39m debe mostrar men├║ de navegaci├│n[32m 7[2mms[22m[39m
       [32mÔ£ô[39m debe tener enlace a dashboard[32m 15[2mms[22m[39m
       [32mÔ£ô[39m debe tener enlace a PACI[32m 7[2mms[22m[39m
       [32mÔ£ô[39m debe mostrar opci├│n de logout[32m 5[2mms[22m[39m
       [32mÔ£ô[39m debe llamar logout cuando se hace clic[32m 7[2mms[22m[39m
       [32mÔ£ô[39m debe mostrar opci├│n de perfil[32m 4[2mms[22m[39m
[31m       [31m├ù[31m debe ser responsive[39m[32m 11[2mms[22m[39m
       [32mÔ£ô[39m debe tener men├║ mobile si es necesario[32m 5[2mms[22m[39m
[31m       [31m├ù[31m debe tener estructura nav sem├íntica[39m[32m 5[2mms[22m[39m
       [32mÔ£ô[39m debe tener aria-label en botones importantes[32m 4[2mms[22m[39m
 [31mÔØ»[39m src/components/features/CreatePACIModal.test.jsx [2m([22m[2m14 tests[22m[2m | [22m[31m14 failed[39m[2m)[22m[32m 73[2mms[22m[39m
[31m       [31m├ù[31m debe renderizar sin errores cuando est├í abierto[39m[32m 33[2mms[22m[39m
[31m       [31m├ù[31m no debe renderizar cuando est├í cerrado[39m[32m 5[2mms[22m[39m
[31m       [31m├ù[31m debe mostrar t├¡tulo del modal[39m[32m 4[2mms[22m[39m
[31m       [31m├ù[31m debe tener campo para nombre del estudiante[39m[32m 3[2mms[22m[39m
[31m       [31m├ù[31m debe tener campos de formulario[39m[32m 3[2mms[22m[39m
[31m       [31m├ù[31m debe llamar onSuccess cuando se env├¡a el formulario correctamente[39m[32m 3[2mms[22m[39m
[31m       [31m├ù[31m debe validar campos requeridos[39m[32m 2[2mms[22m[39m
[31m       [31m├ù[31m debe cerrar modal cuando se hace clic en Cancelar[39m[32m 2[2mms[22m[39m
[31m       [31m├ù[31m debe cerrar cuando se presiona ESC[39m[32m 2[2mms[22m[39m
[31m       [31m├ù[31m debe llamar onClose cuando se hace clic fuera del modal[39m[32m 2[2mms[22m[39m
[31m       [31m├ù[31m debe mostrar mensaje de error si falla la creaci├│n[39m[32m 3[2mms[22m[39m
[31m       [31m├ù[31m debe mostrar loading durante el env├¡o[39m[32m 3[2mms[22m[39m
[31m       [31m├ù[31m debe ser accesible con teclado[39m[32m 2[2mms[22m[39m
[31m       [31m├ù[31m debe tener aria-label descriptivo[39m[32m 2[2mms[22m[39m
 [31mÔØ»[39m src/services/jobsService.test.js [2m([22m[2m0 test[22m[2m)[22m
 [31mÔØ»[39m src/components/features/EditPACIModal.test.jsx [2m([22m[2m0 test[22m[2m)[22m
 [31mÔØ»[39m docs/swagger.spec.js [2m([22m[2m0 test[22m[2m)[22m
 [31mÔØ»[39m src/components/features/ViewPACIModal.test.jsx [2m([22m[2m0 test[22m[2m)[22m
 [32mÔ£ô[39m src/components/ui/UserAvatar.test.jsx [2m([22m[2m10 tests[22m[2m)[22m[32m 179[2mms[22m[39m
 [32mÔ£ô[39m src/components/layout/SideNav.test.jsx [2m([22m[2m14 tests[22m[2m)[22m[32m 158[2mms[22m[39m
 [32mÔ£ô[39m src/utils/localStorage.test.js [2m([22m[2m20 tests[22m[2m)[22m[32m 9[2mms[22m[39m
[90mstderr[2m | src/services/authService.test.js[2m > [22m[2mauthService 
- Comprehensive Coverage >95%[2m > [22m[2mlogout[2m > [22m[2mdebe 
retornar success=true aunque la llamada al servidor falle
[22m[39mError al cerrar sesi├│n en el servidor: Error: Network error
    at C:/Users/lucia/Documents/ms-prisma-front-30-04/prisma-front/src/services
/authService.test.js:253:25
    at [90mfile:///C:/Users/lucia/Documents/ms-prisma-front-30-04/prisma-front
/[39mnode_modules/[4m@vitest/runner[24m/dist/chunk-artifact.js:302:11
    at [90mfile:///C:/Users/lucia/Documents/ms-prisma-front-30-04/prisma-front
/[39mnode_modules/[4m@vitest/runner[24m/dist/chunk-artifact.js:1903:26
    at [90mfile:///C:/Users/lucia/Documents/ms-prisma-front-30-04/prisma-front
/[39mnode_modules/[4m@vitest/runner[24m/dist/chunk-artifact.js:2326:20
    at new Promise (<anonymous>)
    at runWithCancel [90m(file:///C:/Users/lucia/Documents/ms-prisma-front-30-
04/prisma-front/[39mnode_modules/[4m@vitest/runner[24m/dist/chunk-artifact.j
s:2323:10[90m)[39m
    at [90mfile:///C:/Users/lucia/Documents/ms-prisma-front-30-04/prisma-front
/[39mnode_modules/[4m@vitest/runner[24m/dist/chunk-artifact.js:2305:20
    at new Promise (<anonymous>)
    at runWithTimeout [90m(file:///C:/Users/lucia/Documents/ms-prisma-front-30
-04/prisma-front/[39mnode_modules/[4m@vitest/runner[24m/dist/chunk-artifact.
js:2272:10[90m)[39m
    at [90mfile:///C:/Users/lucia/Documents/ms-prisma-front-30-04/prisma-front
/[39mnode_modules/[4m@vitest/runner[24m/dist/chunk-artifact.js:2955:64

 [32mÔ£ô[39m src/services/authService.test.js [2m([22m[2m30 tests[22m[2m)[22m[32m 23[2mms[22m[39m
 [32mÔ£ô[39m src/context/AuthContext.test.jsx [2m([22m[2m10 tests[22m[2m)[22m[32m 81[2mms[22m[39m
 [32mÔ£ô[39m src/services/chatService.test.js [2m([22m[2m5 tests[22m[2m)[22m[32m 5[2mms[22m[39m
 [32mÔ£ô[39m src/services/dashboardService.test.js [2m([22m[2m11 tests[22m[2m)[22m[32m 10[2mms[22m[39m
 [32mÔ£ô[39m src/services/authSession.test.js [2m([22m[2m16 tests[22m[2m)[22m[32m 10[2mms[22m[39m
 [32mÔ£ô[39m src/services/api.test.js [2m([22m[2m8 tests[22m[2m)[22m[32m 8[2mms[22m[39m

[31mÔÄ»ÔÄ»ÔÄ»ÔÄ»ÔÄ»ÔÄ»[39m[1m[41m Failed Suites 4 
[49m[22m[31mÔÄ»ÔÄ»ÔÄ»ÔÄ»ÔÄ»ÔÄ»ÔÄ»[39m

[41m[1m FAIL [22m[49m docs/swagger.spec.js[2m [ docs/swagger.spec.js 
][22m
[31m[1mError[22m: No test suite found in file C:/Users/lucia/Documents/ms-pr
isma-front-30-04/prisma-front/docs/swagger.spec.js[39m
[31m[2mÔÄ»ÔÄ»ÔÄ»ÔÄ»ÔÄ»ÔÄ»ÔÄ»ÔÄ»ÔÄ»ÔÄ»ÔÄ»ÔÄ»ÔÄ»ÔÄ»ÔÄ»ÔÄ»ÔÄ»ÔÄ»ÔÄ»ÔÄ»ÔÄ»ÔÄ»ÔÄ»[
1/74]ÔÄ»[22m[39m

[41m[1m FAIL [22m[49m src/services/jobsService.test.js[2m [ 
src/services/jobsService.test.js ][22m
[31m[1mError[22m: Transform failed with 1 error:

[31m[PARSE_ERROR] Error:[0m Unexpected token
    [38;5;246mÔò¡[0m[38;5;246mÔöÇ[0m[38;5;246m[[0m 
src/services/jobsService.test.js:43:7 [38;5;246m][0m
    [38;5;246mÔöé[0m
 [38;5;246m43 Ôöé[0m [38;5;249m [0m[38;5;249m [0m[38;5;249m 
[0m[38;5;249m [0m[38;5;249m [0m[38;5;249m [0m}
 [38;5;240m   Ôöé[0m       Ôö¼  
 [38;5;240m   Ôöé[0m       Ôò░ÔöÇÔöÇ 
[38;5;246mÔöÇÔöÇÔöÇÔöÇÔò»[0m
[39m
  Plugin: [35mvite:oxc[39m
  File: [36mC:/Users/lucia/Documents/ms-prisma-front-30-04/prisma-front/src/se
rvices/jobsService.test.js[39m
[90m [2mÔØ»[22m transformWithOxc 
node_modules/vite/dist/node/chunks/node.js:[2m3343:19[22m[39m
[90m [2mÔØ»[22m TransformPluginContext.transform 
node_modules/vite/dist/node/chunks/node.js:[2m3411:26[22m[39m
[90m [2mÔØ»[22m EnvironmentPluginContainer.transform 
node_modules/vite/dist/node/chunks/node.js:[2m30164:51[22m[39m
[90m [2mÔØ»[22m loadAndTransform 
node_modules/vite/dist/node/chunks/node.js:[2m24512:26[22m[39m

[31m[2mÔÄ»ÔÄ»ÔÄ»ÔÄ»ÔÄ»ÔÄ»ÔÄ»ÔÄ»ÔÄ»ÔÄ»ÔÄ»ÔÄ»ÔÄ»ÔÄ»ÔÄ»ÔÄ»ÔÄ»ÔÄ»ÔÄ»ÔÄ»ÔÄ»ÔÄ»ÔÄ»[
2/74]ÔÄ»[22m[39m

[41m[1m FAIL [22m[49m src/components/features/EditPACIModal.test.jsx[2m [ 
src/components/features/EditPACIModal.test.jsx ][22m
[31m[1mError[22m: Transform failed with 2 errors:

[31m[PARSE_ERROR] Error:[0m Type assertion expressions can only be used in 
TypeScript files.
     [38;5;246mÔò¡[0m[38;5;246mÔöÇ[0m[38;5;246m[[0m 
src/components/features/EditPACIModal.test.jsx:143:21 [38;5;246m][0m
     [38;5;246mÔöé[0m
 [38;5;246m143 Ôöé[0m [38;5;249m [0m[38;5;249m [0m[38;5;249m 
[0m[38;5;249m [0m[38;5;249m [0m[38;5;249m [0m[38;5;249mc[0m[38;5;249m
o[0m[38;5;249mn[0m[38;5;249ms[0m[38;5;249mt[0m[38;5;249m [0m[38;5;249
mi[0m[38;5;249mn[0m[38;5;249mp[0m[38;5;249mu[0m[38;5;249mt[0m[38;5;24
9m [0m[38;5;249m=[0m[38;5;249m 
[0mscreen.queryByDisplayValue(mockPACI.nombre) as 
HTMLInputElement[38;5;249m;[0m
 [38;5;240m    Ôöé[0m                     ÔöÇÔöÇÔöÇÔöÇÔöÇÔöÇÔöÇÔöÇÔöÇÔöÇÔöÇÔö
ÇÔöÇÔöÇÔöÇÔöÇÔöÇÔöÇÔöÇÔöÇÔöÇÔöÇÔöÇÔöÇÔöÇÔöÇÔöÇÔöÇÔöÇÔöÇÔöÇÔö¼ÔöÇÔöÇÔöÇÔöÇÔöÇÔöÇ
ÔöÇÔöÇÔöÇÔöÇÔöÇÔöÇÔöÇÔöÇÔöÇÔöÇÔöÇÔöÇÔöÇÔöÇÔöÇÔöÇÔöÇÔöÇÔöÇÔöÇÔöÇÔöÇÔöÇÔöÇÔöÇ  
 [38;5;240m    Ôöé[0m                                                    Ôò░Ô
öÇÔöÇÔöÇÔöÇÔöÇÔöÇÔöÇÔöÇÔöÇÔöÇÔöÇÔöÇÔöÇÔöÇÔöÇÔöÇÔöÇÔöÇÔöÇÔöÇÔöÇÔöÇÔöÇÔöÇÔöÇÔöÇÔö
ÇÔöÇÔöÇÔöÇÔöÇÔöÇÔöÇ 
[38;5;246mÔöÇÔöÇÔöÇÔöÇÔöÇÔò»[0m

[31m[PARSE_ERROR] Error:[0m Type assertion expressions can only be used in 
TypeScript files.
     [38;5;246mÔò¡[0m[38;5;246mÔöÇ[0m[38;5;246m[[0m 
src/components/features/EditPACIModal.test.jsx:184:25 [38;5;246m][0m
     [38;5;246mÔöé[0m
 [38;5;246m184 Ôöé[0m [38;5;249m [0m[38;5;249m [0m[38;5;249m 
[0m[38;5;249m [0m[38;5;249m [0m[38;5;249m [0m[38;5;249mc[0m[38;5;249m
o[0m[38;5;249mn[0m[38;5;249ms[0m[38;5;249mt[0m[38;5;249m [0m[38;5;249
mn[0m[38;5;249ma[0m[38;5;249mm[0m[38;5;249me[0m[38;5;249mI[0m[38;5;24
9mn[0m[38;5;249mp[0m[38;5;249mu[0m[38;5;249mt[0m[38;5;249m 
[0m[38;5;249m=[0m[38;5;249m 
[0mscreen.queryByDisplayValue(mockPACI.nombre) as 
HTMLInputElement[38;5;249m;[0m
 [38;5;240m    Ôöé[0m                         ÔöÇÔöÇÔöÇÔöÇÔöÇÔöÇÔöÇÔöÇÔöÇÔöÇÔ
öÇÔöÇÔöÇÔöÇÔöÇÔöÇÔöÇÔöÇÔöÇÔöÇÔöÇÔöÇÔöÇÔöÇÔöÇÔöÇÔöÇÔöÇÔöÇÔöÇÔöÇÔö¼ÔöÇÔöÇÔöÇÔöÇÔö
ÇÔöÇÔöÇÔöÇÔöÇÔöÇÔöÇÔöÇÔöÇÔöÇÔöÇÔöÇÔöÇÔöÇÔöÇÔöÇÔöÇÔöÇÔöÇÔöÇÔöÇÔöÇÔöÇÔöÇÔöÇÔöÇÔöÇ
  
 [38;5;240m    Ôöé[0m                                                        
Ôò░ÔöÇÔöÇÔöÇÔöÇÔöÇÔöÇÔöÇÔöÇÔöÇÔöÇÔöÇÔöÇÔöÇÔöÇÔöÇÔöÇÔöÇÔöÇÔöÇÔöÇÔöÇÔöÇÔöÇÔöÇÔöÇÔ
öÇÔöÇÔöÇÔöÇÔöÇÔöÇÔöÇÔöÇ 
[38;5;246mÔöÇÔöÇÔöÇÔöÇÔöÇÔò»[0m
[39m
  Plugin: [35mvite:oxc[39m
  File: [36mC:/Users/lucia/Documents/ms-prisma-front-30-04/prisma-front/src/co
mponents/features/EditPACIModal.test.jsx[39m
[90m [2mÔØ»[22m transformWithOxc 
node_modules/vite/dist/node/chunks/node.js:[2m3343:19[22m[39m
[90m [2mÔØ»[22m TransformPluginContext.transform 
node_modules/vite/dist/node/chunks/node.js:[2m3411:26[22m[39m
[90m [2mÔØ»[22m EnvironmentPluginContainer.transform 
node_modules/vite/dist/node/chunks/node.js:[2m30164:51[22m[39m
[90m [2mÔØ»[22m loadAndTransform 
node_modules/vite/dist/node/chunks/node.js:[2m24512:26[22m[39m

[31m[2mÔÄ»ÔÄ»ÔÄ»ÔÄ»ÔÄ»ÔÄ»ÔÄ»ÔÄ»ÔÄ»ÔÄ»ÔÄ»ÔÄ»ÔÄ»ÔÄ»ÔÄ»ÔÄ»ÔÄ»ÔÄ»ÔÄ»ÔÄ»ÔÄ»ÔÄ»ÔÄ»[
3/74]ÔÄ»[22m[39m

[41m[1m FAIL [22m[49m src/components/features/ViewPACIModal.test.jsx[2m [ 
src/components/features/ViewPACIModal.test.jsx ][22m
[31m[1mError[22m: Transform failed with 2 errors:

[31m[PARSE_ERROR] Error:[0m Type assertion expressions can only be used in 
TypeScript files.
     [38;5;246mÔò¡[0m[38;5;246mÔöÇ[0m[38;5;246m[[0m 
src/components/features/ViewPACIModal.test.jsx:132:17 [38;5;246m][0m
     [38;5;246mÔöé[0m
 [38;5;246m132 Ôöé[0m [38;5;249m [0m[38;5;249m [0m[38;5;249m 
[0m[38;5;249m [0m[38;5;249m [0m[38;5;249m [0m[38;5;249m 
[0m[38;5;249m [0m[38;5;249me[0m[38;5;249mx[0m[38;5;249mp[0m[38;5;249m
e[0m[38;5;249mc[0m[38;5;249mt[0m[38;5;249m([0m[38;5;249m([0minput as H
TMLInputElement[38;5;249m)[0m[38;5;249m.[0m[38;5;249mr[0m[38;5;249me[0m
[38;5;249ma[0m[38;5;249md[0m[38;5;249mO[0m[38;5;249mn[0m[38;5;249ml[0
m[38;5;249my[0m[38;5;249m [0m[38;5;249m|[0m[38;5;249m|[0m[38;5;249m [
0m[38;5;249m([0m[38;5;249mi[0m[38;5;249mn[0m[38;5;249mp[0m[38;5;249mu
[0m[38;5;249mt[0m[38;5;249m [0m[38;5;249ma[0m[38;5;249ms[0m[38;5;249m 
[0m[38;5;249mH[0m[38;5;249mT[0m[38;5;249mM[0m[38;5;249mL[0m[38;5;249m
T[0m[38;5;249me[0m[38;5;249mx[0m[38;5;249mt[0m[38;5;249mA[0m[38;5;249
mr[0m[38;5;249me[0m[38;5;249ma[0m[38;5;249mE[0m[38;5;249ml[0m[38;5;24
9me[0m[38;5;249mm[0m[38;5;249me[0m[38;5;249mn[0m[38;5;249mt[0m[38;5;2
49m)[0m[38;5;249m.[0m[38;5;249mr[0m[38;5;249me[0m[38;5;249ma[0m[38;5;
249md[0m[38;5;249mO[0m[38;5;249mn[0m[38;5;249ml[0m[38;5;249my[0m[38;5
;249m)[0m[38;5;249m.[0m[38;5;249mt[0m[38;5;249mo[0m[38;5;249mB[0m[38;
5;249me[0m[38;5;249m([0m[38;5;249mt[0m[38;5;249mr[0m[38;5;249mu[0m[38
;5;249me[0m[38;5;249m)[0m[38;5;249m;[0m
 [38;5;240m    Ôöé[0m                 
ÔöÇÔöÇÔöÇÔöÇÔöÇÔöÇÔöÇÔöÇÔöÇÔöÇÔöÇÔöÇÔö¼ÔöÇÔöÇÔöÇÔöÇÔöÇÔöÇÔöÇÔöÇÔöÇÔöÇÔöÇÔöÇ  
 [38;5;240m    Ôöé[0m                             
Ôò░ÔöÇÔöÇÔöÇÔöÇÔöÇÔöÇÔöÇÔöÇÔöÇÔöÇÔöÇÔöÇÔöÇÔöÇ 
[38;5;246mÔöÇÔöÇÔöÇÔöÇÔöÇÔò»[0m

[31m[PARSE_ERROR] Error:[0m Type assertion expressions can only be used in 
TypeScript files.
     [38;5;246mÔò¡[0m[38;5;246mÔöÇ[0m[38;5;246m[[0m 
src/components/features/ViewPACIModal.test.jsx:132:57 [38;5;246m][0m
     [38;5;246mÔöé[0m
 [38;5;246m132 Ôöé[0m [38;5;249m [0m[38;5;249m [0m[38;5;249m 
[0m[38;5;249m [0m[38;5;249m [0m[38;5;249m [0m[38;5;249m 
[0m[38;5;249m [0m[38;5;249me[0m[38;5;249mx[0m[38;5;249mp[0m[38;5;249m
e[0m[38;5;249mc[0m[38;5;249mt[0m[38;5;249m([0m[38;5;249m([0m[38;5;249
mi[0m[38;5;249mn[0m[38;5;249mp[0m[38;5;249mu[0m[38;5;249mt[0m[38;5;24
9m [0m[38;5;249ma[0m[38;5;249ms[0m[38;5;249m [0m[38;5;249mH[0m[38;5;2
49mT[0m[38;5;249mM[0m[38;5;249mL[0m[38;5;249mI[0m[38;5;249mn[0m[38;5;
249mp[0m[38;5;249mu[0m[38;5;249mt[0m[38;5;249mE[0m[38;5;249ml[0m[38;5
;249me[0m[38;5;249mm[0m[38;5;249me[0m[38;5;249mn[0m[38;5;249mt[0m[38;
5;249m)[0m[38;5;249m.[0m[38;5;249mr[0m[38;5;249me[0m[38;5;249ma[0m[38
;5;249md[0m[38;5;249mO[0m[38;5;249mn[0m[38;5;249ml[0m[38;5;249my[0m[3
8;5;249m [0m[38;5;249m|[0m[38;5;249m|[0m[38;5;249m 
[0m[38;5;249m([0minput as HTMLTextAreaElement[38;5;249m)[0m[38;5;249m.[0
m[38;5;249mr[0m[38;5;249me[0m[38;5;249ma[0m[38;5;249md[0m[38;5;249mO[
0m[38;5;249mn[0m[38;5;249ml[0m[38;5;249my[0m[38;5;249m)[0m[38;5;249m.
[0m[38;5;249mt[0m[38;5;249mo[0m[38;5;249mB[0m[38;5;249me[0m[38;5;249m(
[0m[38;5;249mt[0m[38;5;249mr[0m[38;5;249mu[0m[38;5;249me[0m[38;5;249m
)[0m[38;5;249m;[0m
 [38;5;240m    Ôöé[0m                                                        
 ÔöÇÔöÇÔöÇÔöÇÔöÇÔöÇÔöÇÔöÇÔöÇÔöÇÔöÇÔöÇÔöÇÔöÇÔö¼ÔöÇÔöÇÔöÇÔöÇÔöÇÔöÇÔöÇÔöÇÔöÇÔöÇÔöÇ
ÔöÇÔöÇ  
 [38;5;240m    Ôöé[0m                                                        
               Ôò░ÔöÇÔöÇÔöÇÔöÇÔöÇÔöÇÔöÇÔöÇÔöÇÔöÇÔöÇÔöÇÔöÇÔöÇÔöÇ 
[38;5;246mÔöÇÔöÇÔöÇÔöÇÔöÇÔò»[0m
[39m
  Plugin: [35mvite:oxc[39m
  File: [36mC:/Users/lucia/Documents/ms-prisma-front-30-04/prisma-front/src/co
mponents/features/ViewPACIModal.test.jsx[39m
[90m [2mÔØ»[22m transformWithOxc 
node_modules/vite/dist/node/chunks/node.js:[2m3343:19[22m[39m
[90m [2mÔØ»[22m TransformPluginContext.transform 
node_modules/vite/dist/node/chunks/node.js:[2m3411:26[22m[39m
[90m [2mÔØ»[22m EnvironmentPluginContainer.transform 
node_modules/vite/dist/node/chunks/node.js:[2m30164:51[22m[39m
[90m [2mÔØ»[22m loadAndTransform 
node_modules/vite/dist/node/chunks/node.js:[2m24512:26[22m[39m

[31m[2mÔÄ»ÔÄ»ÔÄ»ÔÄ»ÔÄ»ÔÄ»ÔÄ»ÔÄ»ÔÄ»ÔÄ»ÔÄ»ÔÄ»ÔÄ»ÔÄ»ÔÄ»ÔÄ»ÔÄ»ÔÄ»ÔÄ»ÔÄ»ÔÄ»ÔÄ»ÔÄ»[
4/74]ÔÄ»[22m[39m


[31mÔÄ»ÔÄ»ÔÄ»ÔÄ»ÔÄ»ÔÄ»[39m[1m[41m Failed Tests 70 
[49m[22m[31mÔÄ»ÔÄ»ÔÄ»ÔÄ»ÔÄ»ÔÄ»ÔÄ»[39m

[41m[1m FAIL [22m[49m src/App.test.jsx[2m > [22mApp Component[2m > 
[22mdebe proporcionar AuthProvider
[31m[1mTypeError[22m: [Function AuthProvider] is not a spy or a call to a 
spy![39m
[36m [2mÔØ»[22m src/App.test.jsx:[2m107:38[22m[39m
    [90m105|[39m
    [90m106|[39m     [34mrender[39m([33m<[39m[33mApp[39m 
[33m/[39m[33m>[39m)[33m;[39m
    [90m107|[39m     [34mexpect[39m([33mAuthContext[39m[33m.[39m[33mAu
thProvider[39m)[33m.[39m[34mtoHaveBeenCalled[39m()[33m;[39m
    [90m   |[39m                                      [31m^[39m
    [90m108|[39m   })[33m;[39m
    [90m109|[39m

[31m[2mÔÄ»ÔÄ»ÔÄ»ÔÄ»ÔÄ»ÔÄ»ÔÄ»ÔÄ»ÔÄ»ÔÄ»ÔÄ»ÔÄ»ÔÄ»ÔÄ»ÔÄ»ÔÄ»ÔÄ»ÔÄ»ÔÄ»ÔÄ»ÔÄ»ÔÄ»ÔÄ»[
5/74]ÔÄ»[22m[39m

[41m[1m FAIL [22m[49m src/App.test.jsx[2m > [22mApp Component[2m > 
[22mdebe proporcionar ActiveSessionProvider
[31m[1mTypeError[22m: [Function ActiveSessionProvider] is not a spy or a 
call to a spy![39m
[36m [2mÔØ»[22m src/App.test.jsx:[2m117:56[22m[39m
    [90m115|[39m
    [90m116|[39m     [34mrender[39m([33m<[39m[33mApp[39m 
[33m/[39m[33m>[39m)[33m;[39m
    [90m117|[39m     
expect(ActiveSessionContext.ActiveSessionProvider).toHaveBeenCalleÔÇª
    [90m   |[39m                                                        
[31m^[39m
    [90m118|[39m   })[33m;[39m
    [90m119|[39m })[33m;[39m

[31m[2mÔÄ»ÔÄ»ÔÄ»ÔÄ»ÔÄ»ÔÄ»ÔÄ»ÔÄ»ÔÄ»ÔÄ»ÔÄ»ÔÄ»ÔÄ»ÔÄ»ÔÄ»ÔÄ»ÔÄ»ÔÄ»ÔÄ»ÔÄ»ÔÄ»ÔÄ»ÔÄ»[
6/74]ÔÄ»[22m[39m

[41m[1m FAIL [22m[49m src/App.test.jsx[2m > [22mProtectedRoute 
Component[2m > [22mdebe mostrar loading mientras carga autenticaci├│n
[41m[1m FAIL [22m[49m src/App.test.jsx[2m > [22mProtectedRoute 
Component[2m > [22mdebe redirigir a login si no est├í autenticado
[41m[1m FAIL [22m[49m src/App.test.jsx[2m > [22mProtectedRoute 
Component[2m > [22mdebe mostrar p├ígina protegida si est├í autenticado
[41m[1m FAIL [22m[49m src/App.test.jsx[2m > [22mApp Routing[2m > 
[22mdebe mostrar LoginPage en ruta /login
[41m[1m FAIL [22m[49m src/App.test.jsx[2m > [22mApp Routing[2m > 
[22mdebe mostrar DashboardPage en ruta /dashboard
[41m[1m FAIL [22m[49m src/App.test.jsx[2m > [22mApp Routing[2m > 
[22mdebe mostrar PACIPage en ruta /paci
[41m[1m FAIL [22m[49m src/App.test.jsx[2m > [22mApp Routing[2m > 
[22mdebe mostrar ProfilePage en ruta /profile
[41m[1m FAIL [22m[49m src/App.test.jsx[2m > [22mApp Routing[2m > 
[22mdebe redirigir ruta ra├¡z a /dashboard
[41m[1m FAIL [22m[49m src/App.test.jsx[2m > [22mApp Routing[2m > 
[22mdebe manejar rutas inexistentes
[31m[1mError[22m: You cannot render a <Router> inside another <Router>. You 
should never have more than one in your app.[39m
[90m [2mÔØ»[22m invariant node_modules/react-router/dist/development/chunk-O
E4NN4TA.mjs:[2m199:11[22m[39m
[90m [2mÔØ»[22m Router node_modules/react-router/dist/development/chunk-OE4N
N4TA.mjs:[2m6738:3[22m[39m
[90m [2mÔØ»[22m Object.react_stack_bottom_frame node_modules/react-dom/cjs/r
eact-dom-client.development.js:[2m25904:20[22m[39m
[90m [2mÔØ»[22m renderWithHooks node_modules/react-dom/cjs/react-dom-client.
development.js:[2m7662:22[22m[39m
[90m [2mÔØ»[22m updateFunctionComponent node_modules/react-dom/cjs/react-dom
-client.development.js:[2m10166:19[22m[39m
[90m [2mÔØ»[22m beginWork node_modules/react-dom/cjs/react-dom-client.develo
pment.js:[2m11778:18[22m[39m
[90m [2mÔØ»[22m runWithFiberInDEV 
node_modules/react-dom/cjs/react-dom-client.development.js:[2m874:13[22m[39m
[90m [2mÔØ»[22m performUnitOfWork node_modules/react-dom/cjs/react-dom-clien
t.development.js:[2m17641:22[22m[39m
[90m [2mÔØ»[22m workLoopSync node_modules/react-dom/cjs/react-dom-client.dev
elopment.js:[2m17469:41[22m[39m
[90m [2mÔØ»[22m renderRootSync node_modules/react-dom/cjs/react-dom-client.d
evelopment.js:[2m17450:11[22m[39m

[31m[2mÔÄ»ÔÄ»ÔÄ»ÔÄ»ÔÄ»ÔÄ»ÔÄ»ÔÄ»ÔÄ»ÔÄ»ÔÄ»ÔÄ»ÔÄ»ÔÄ»ÔÄ»ÔÄ»ÔÄ»ÔÄ»ÔÄ»ÔÄ»ÔÄ»ÔÄ»ÔÄ»[
7/74]ÔÄ»[22m[39m

[41m[1m FAIL [22m[49m src/constants/api.test.js[2m > [22mAPI 
Constants[2m > [22mAUTH_ENDPOINTS[2m > [22mdebe tener endpoints bien 
formados
[31m[1mAssertionError[22m: expected 'http://localhost:3001/api/auth/login' 
to match /^\/api\/auth\//api\[39m

[32m- Expected:[39m
/^\/api\/auth\//

[31m+ Received:[39m
"http://localhost:3001/api/auth/login"

[36m [2mÔØ»[22m src/constants/api.test.js:[2m27:36[22m[39m
    [90m 25|[39m
    [90m 26|[39m     [34mit[39m([32m'debe tener endpoints bien 
formados'[39m[33m,[39m () [33m=>[39m {
    [90m 27|[39m       [34mexpect[39m([33mAUTH_ENDPOINTS[39m[33m.[39m[
33mLOGIN[39m)[33m.[39m[34mtoMatch[39m([36m/^\/api\/auth\//[39m)[33m;[3
9m
    [90m   |[39m                                    [31m^[39m
    [90m 28|[39m       [34mexpect[39m([33mAUTH_ENDPOINTS[39m[33m.[39m[
33mREGISTER[39m)[33m.[39m[34mtoMatch[39m([36m/^\/api\/auth\//[39m)[33m;
[39m
    [90m 29|[39m       [34mexpect[39m([33mAUTH_ENDPOINTS[39m[33m.[39m[
33mLOGOUT[39m)[33m.[39m[34mtoMatch[39m([36m/^\/api\/auth\//[39m)[33m;[
39m

[31m[2mÔÄ»ÔÄ»ÔÄ»ÔÄ»ÔÄ»ÔÄ»ÔÄ»ÔÄ»ÔÄ»ÔÄ»ÔÄ»ÔÄ»ÔÄ»ÔÄ»ÔÄ»ÔÄ»ÔÄ»ÔÄ»ÔÄ»ÔÄ»ÔÄ»ÔÄ»ÔÄ»[
8/74]ÔÄ»[22m[39m

[41m[1m FAIL [22m[49m src/constants/api.test.js[2m > [22mAPI 
Constants[2m > [22mAPI_URLS[2m > [22mdebe tener URLs base definidas
[31m[1mAssertionError[22m: expected { Object (AUTH, CHAT, ...) } to have 
property "DOCS"[39m
[36m [2mÔØ»[22m src/constants/api.test.js:[2m100:24[22m[39m
    [90m 98|[39m       [34mexpect[39m([33mAPI_URLS[39m)[33m.[39m[34mto
HaveProperty[39m([32m'AUTH'[39m)[33m;[39m
    [90m 99|[39m       [34mexpect[39m([33mAPI_URLS[39m)[33m.[39m[34mto
HaveProperty[39m([32m'CHAT'[39m)[33m;[39m
    [90m100|[39m       [34mexpect[39m([33mAPI_URLS[39m)[33m.[39m[34mto
HaveProperty[39m([32m'DOCS'[39m)[33m;[39m
    [90m   |[39m                        [31m^[39m
    [90m101|[39m       [34mexpect[39m([33mAPI_URLS[39m)[33m.[39m[34mto
HaveProperty[39m([32m'PACI'[39m)[33m;[39m
    [90m102|[39m     })[33m;[39m

[31m[2mÔÄ»ÔÄ»ÔÄ»ÔÄ»ÔÄ»ÔÄ»ÔÄ»ÔÄ»ÔÄ»ÔÄ»ÔÄ»ÔÄ»ÔÄ»ÔÄ»ÔÄ»ÔÄ»ÔÄ»ÔÄ»ÔÄ»ÔÄ»ÔÄ»ÔÄ»ÔÄ»[
9/74]ÔÄ»[22m[39m

[41m[1m FAIL [22m[49m src/constants/api.test.js[2m > [22mAPI 
Constants[2m > [22mAPI_URLS[2m > [22mdebe retornar strings v├ílidos para 
URLs
[31m[1mAssertionError[22m: expected 'object' to be 'string' // Object.is 
equality[39m

Expected: [32m"string"[39m
Received: [31m"object"[39m

[36m [2mÔØ»[22m src/constants/api.test.js:[2m106:28[22m[39m
    [90m104|[39m     [34mit[39m([32m'debe retornar strings v├ílidos para 
URLs'[39m[33m,[39m () [33m=>[39m {
    [90m105|[39m       [33mObject[39m[33m.[39m[34mvalues[39m([33mAPI_U
RLS[39m)[33m.[39m[34mforEach[39m((url) [33m=>[39m {
    [90m106|[39m         [34mexpect[39m([35mtypeof[39m 
url)[33m.[39m[34mtoBe[39m([32m'string'[39m)[33m;[39m
    [90m   |[39m                            [31m^[39m
    [90m107|[39m         [34mexpect[39m(url)[33m.[39m[34mtoHaveLength[3
9m([34mgreaterThan[39m([34m0[39m))[33m;[39m
    [90m108|[39m       })[33m;[39m
[90m [2mÔØ»[22m src/constants/api.test.js:[2m105:31[22m[39m

[31m[2mÔÄ»ÔÄ»ÔÄ»ÔÄ»ÔÄ»ÔÄ»ÔÄ»ÔÄ»ÔÄ»ÔÄ»ÔÄ»ÔÄ»ÔÄ»ÔÄ»ÔÄ»ÔÄ»ÔÄ»ÔÄ»ÔÄ»ÔÄ»ÔÄ»ÔÄ»[10/
74]ÔÄ»[22m[39m

[41m[1m FAIL [22m[49m src/constants/api.test.js[2m > [22mAPI 
Constants[2m > [22mAPI_URLS[2m > [22mdebe tener URLs que comiencen con 
http o env var
[31m[1mAssertionError[22m: expected 'object' to be 'string' // Object.is 
equality[39m

Expected: [32m"string"[39m
Received: [31m"object"[39m

[36m [2mÔØ»[22m src/constants/api.test.js:[2m115:28[22m[39m
    [90m113|[39m         [90m// Las URLs deber├¡an ser v├ílidas[39m
    [90m114|[39m         
[34mexpect[39m(url)[33m.[39m[34mtoBeDefined[39m()[33m;[39m
    [90m115|[39m         [34mexpect[39m([35mtypeof[39m 
url)[33m.[39m[34mtoBe[39m([32m'string'[39m)[33m;[39m
    [90m   |[39m                            [31m^[39m
    [90m116|[39m       })[33m;[39m
    [90m117|[39m     })[33m;[39m
[90m [2mÔØ»[22m src/constants/api.test.js:[2m112:31[22m[39m

[31m[2mÔÄ»ÔÄ»ÔÄ»ÔÄ»ÔÄ»ÔÄ»ÔÄ»ÔÄ»ÔÄ»ÔÄ»ÔÄ»ÔÄ»ÔÄ»ÔÄ»ÔÄ»ÔÄ»ÔÄ»ÔÄ»ÔÄ»ÔÄ»ÔÄ»ÔÄ»[11/
74]ÔÄ»[22m[39m

[41m[1m FAIL [22m[49m src/services/authErrors.test.js[2m > 
[22mauthErrors[2m > [22mAUTH_ERROR_CODES[2m > [22mdebe tener codes 
definidos para errores conocidos
[31m[1mAssertionError[22m: expected { ÔÇª(2) } to have property 
"INVALID_TOKEN"[39m
[36m [2mÔØ»[22m src/services/authErrors.test.js:[2m15:32[22m[39m
    [90m 13|[39m       [34mexpect[39m([33mAUTH_ERROR_CODES[39m)[33m.[39
m[34mtoHaveProperty[39m([32m'INVALID_CREDENTIALS'[39m)[33m;[39m
    [90m 14|[39m       [34mexpect[39m([33mAUTH_ERROR_CODES[39m)[33m.[39
m[34mtoHaveProperty[39m([32m'SESSION_EXPIRED'[39m)[33m;[39m
    [90m 15|[39m       [34mexpect[39m([33mAUTH_ERROR_CODES[39m)[33m.[39
m[34mtoHaveProperty[39m([32m'INVALID_TOKEN'[39m)[33m;[39m
    [90m   |[39m                                [31m^[39m
    [90m 16|[39m     })[33m;[39m
    [90m 17|[39m   })[33m;[39m

[31m[2mÔÄ»ÔÄ»ÔÄ»ÔÄ»ÔÄ»ÔÄ»ÔÄ»ÔÄ»ÔÄ»ÔÄ»ÔÄ»ÔÄ»ÔÄ»ÔÄ»ÔÄ»ÔÄ»ÔÄ»ÔÄ»ÔÄ»ÔÄ»ÔÄ»ÔÄ»[12/
74]ÔÄ»[22m[39m

[41m[1m FAIL [22m[49m src/services/paciService.test.js[2m > 
[22mpaciService[2m > [22mgetAllPACIs[2m > [22mdebe obtener todos los 
PACIs con filtros
[41m[1m FAIL [22m[49m src/services/paciService.test.js[2m > 
[22mpaciService[2m > [22mgetActivePACIs[2m > [22mdebe obtener solo PACIs 
activos
[41m[1m FAIL [22m[49m src/services/paciService.test.js[2m > 
[22mpaciService[2m > [22mgetHistoricalPACIs[2m > [22mdebe obtener PACIs 
hist├│ricos
[41m[1m FAIL [22m[49m src/services/paciService.test.js[2m > 
[22mpaciService[2m > [22mgetRecentPACIs[2m > [22mdebe obtener PACIs 
recientes con l├¡mite
[41m[1m FAIL [22m[49m src/services/paciService.test.js[2m > 
[22mpaciService[2m > [22mgetRecentPACIs[2m > [22mdebe usar l├¡mite por 
defecto de 10
[41m[1m FAIL [22m[49m src/services/paciService.test.js[2m > 
[22mpaciService[2m > [22mcreatePACI[2m > [22mdebe crear un nuevo PACI
[41m[1m FAIL [22m[49m src/services/paciService.test.js[2m > 
[22mpaciService[2m > [22mcreateStudent[2m > [22mdebe crear un nuevo 
estudiante
[41m[1m FAIL [22m[49m src/services/paciService.test.js[2m > 
[22mpaciService[2m > [22mupdatePACI[2m > [22mdebe actualizar un PACI 
existente
[41m[1m FAIL [22m[49m src/services/paciService.test.js[2m > 
[22mpaciService[2m > [22mgetPACIById[2m > [22mdebe obtener un PACI por su 
ID
[41m[1m FAIL [22m[49m src/services/paciService.test.js[2m > 
[22mpaciService[2m > [22mgetPACIsByStudentId[2m > [22mdebe obtener PACIs 
de un estudiante espec├¡fico
[41m[1m FAIL [22m[49m src/services/paciService.test.js[2m > 
[22mpaciService[2m > [22mdeletePACI[2m > [22mdebe eliminar un PACI
[31m[1mTypeError[22m: axios.create.mockReturnValue is not a function[39m
[36m [2mÔØ»[22m src/services/paciService.test.js:[2m47:18[22m[39m
    [90m 45|[39m       [35mdelete[39m[33m:[39m 
vi[33m.[39m[34mfn[39m()[33m,[39m
    [90m 46|[39m     }[33m;[39m
    [90m 47|[39m     
axios[33m.[39mcreate[33m.[39m[34mmockReturnValue[39m(mockApi)[33m;[39m
    [90m   |[39m                  [31m^[39m
    [90m 48|[39m   })[33m;[39m
    [90m 49|[39m

[31m[2mÔÄ»ÔÄ»ÔÄ»ÔÄ»ÔÄ»ÔÄ»ÔÄ»ÔÄ»ÔÄ»ÔÄ»ÔÄ»ÔÄ»ÔÄ»ÔÄ»ÔÄ»ÔÄ»ÔÄ»ÔÄ»ÔÄ»ÔÄ»ÔÄ»ÔÄ»[13/
74]ÔÄ»[22m[39m

[41m[1m FAIL [22m[49m src/context/ActiveSessionContext.test.jsx[2m > 
[22mActiveSessionContext[2m > [22mActiveSessionProvider initialization[2m 
> [22mdebe recuperar sesi├│n del localStorage si existe
[31m[1mTypeError[22m: [Function getItem] is not a spy or a call to a 
spy![39m
[36m [2mÔØ»[22m 
src/context/ActiveSessionContext.test.jsx:[2m79:36[22m[39m
    [90m 77|[39m
    [90m 78|[39m       // Nota: El localStorage.getItem es mockeado, as├¡ 
que necesitamoÔÇª
    [90m 79|[39m       [34mexpect[39m(localStorage[33m.[39mgetItem)[33m.
[39m[34mtoHaveBeenCalled[39m()[33m;[39m
    [90m   |[39m                                    [31m^[39m
    [90m 80|[39m     })[33m;[39m
    [90m 81|[39m

[31m[2mÔÄ»ÔÄ»ÔÄ»ÔÄ»ÔÄ»ÔÄ»ÔÄ»ÔÄ»ÔÄ»ÔÄ»ÔÄ»ÔÄ»ÔÄ»ÔÄ»ÔÄ»ÔÄ»ÔÄ»ÔÄ»ÔÄ»ÔÄ»ÔÄ»ÔÄ»[14/
74]ÔÄ»[22m[39m

[41m[1m FAIL [22m[49m src/context/ActiveSessionContext.test.jsx[2m > 
[22mActiveSessionContext[2m > [22mSession state transitions[2m > [22mdebe 
gestionar transiciones de fase correctamente
[31m[1mTypeError[22m: function is not iterable (cannot read property 
Symbol(Symbol.iterator))[39m
[36m [2mÔØ»[22m TestTransitionComponent 
src/context/ActiveSessionContext.test.jsx:[2m172:35[22m[39m
    [90m170|[39m       [35mconst[39m [33mTestTransitionComponent[39m 
[33m=[39m () [33m=>[39m {
    [90m171|[39m         [35mconst[39m context [33m=[39m 
[34museActiveSession[39m()[33m;[39m
    [90m172|[39m         [35mconst[39m [phase[33m,[39m setPhase] 
[33m=[39m vi[33m.[39m[34mfn[39m()[33m;[39m
    [90m   |[39m                                   [31m^[39m
    [90m173|[39m
    [90m174|[39m         [35mreturn[39m (
[90m [2mÔØ»[22m Object.react_stack_bottom_frame node_modules/react-dom/cjs/r
eact-dom-client.development.js:[2m25904:20[22m[39m
[90m [2mÔØ»[22m renderWithHooks node_modules/react-dom/cjs/react-dom-client.
development.js:[2m7662:22[22m[39m
[90m [2mÔØ»[22m updateFunctionComponent node_modules/react-dom/cjs/react-dom
-client.development.js:[2m10166:19[22m[39m
[90m [2mÔØ»[22m beginWork node_modules/react-dom/cjs/react-dom-client.develo
pment.js:[2m11778:18[22m[39m
[90m [2mÔØ»[22m runWithFiberInDEV 
node_modules/react-dom/cjs/react-dom-client.development.js:[2m874:13[22m[39m
[90m [2mÔØ»[22m performUnitOfWork node_modules/react-dom/cjs/react-dom-clien
t.development.js:[2m17641:22[22m[39m
[90m [2mÔØ»[22m workLoopSync node_modules/react-dom/cjs/react-dom-client.dev
elopment.js:[2m17469:41[22m[39m
[90m [2mÔØ»[22m renderRootSync node_modules/react-dom/cjs/react-dom-client.d
evelopment.js:[2m17450:11[22m[39m
[90m [2mÔØ»[22m performWorkOnRoot node_modules/react-dom/cjs/react-dom-clien
t.development.js:[2m16583:35[22m[39m

[31m[2mÔÄ»ÔÄ»ÔÄ»ÔÄ»ÔÄ»ÔÄ»ÔÄ»ÔÄ»ÔÄ»ÔÄ»ÔÄ»ÔÄ»ÔÄ»ÔÄ»ÔÄ»ÔÄ»ÔÄ»ÔÄ»ÔÄ»ÔÄ»ÔÄ»ÔÄ»[15/
74]ÔÄ»[22m[39m

[41m[1m FAIL [22m[49m src/components/features/CreatePACIModal.test.jsx[2m 
> [22mCreatePACIModal Component[2m > [22mrender[2m > [22mdebe renderizar 
sin errores cuando est├í abierto
[31m[1mAssertionError[22m: expected [Function] to not throw an error but 
'TypeError: Cannot destructure propertÔÇª' was thrown[39m

[32m- Expected:[39m
undefined

[31m+ Received:[39m
"TypeError: Cannot destructure property 'user' of '(0 , 
__vite_ssr_import_1__.useAuth)(...)' as it is undefined."

[36m [2mÔØ»[22m 
src/components/features/CreatePACIModal.test.jsx:[2m32:14[22m[39m
    [90m 30|[39m           [33m/[39m[33m>[39m
    [90m 31|[39m         )[33m;[39m
    [90m 32|[39m       
})[33m.[39mnot[33m.[39m[34mtoThrow[39m()[33m;[39m
    [90m   |[39m              [31m^[39m
    [90m 33|[39m     })[33m;[39m
    [90m 34|[39m

[31m[2mÔÄ»ÔÄ»ÔÄ»ÔÄ»ÔÄ»ÔÄ»ÔÄ»ÔÄ»ÔÄ»ÔÄ»ÔÄ»ÔÄ»ÔÄ»ÔÄ»ÔÄ»ÔÄ»ÔÄ»ÔÄ»ÔÄ»ÔÄ»ÔÄ»ÔÄ»[16/
74]ÔÄ»[22m[39m

[41m[1m FAIL [22m[49m src/components/features/CreatePACIModal.test.jsx[2m 
> [22mCreatePACIModal Component[2m > [22mrender[2m > [22mno debe 
renderizar cuando est├í cerrado
[41m[1m FAIL [22m[49m src/components/features/CreatePACIModal.test.jsx[2m 
> [22mCreatePACIModal Component[2m > [22mrender[2m > [22mdebe mostrar 
t├¡tulo del modal
[41m[1m FAIL [22m[49m src/components/features/CreatePACIModal.test.jsx[2m 
> [22mCreatePACIModal Component[2m > [22mform fields[2m > [22mdebe tener 
campo para nombre del estudiante
[41m[1m FAIL [22m[49m src/components/features/CreatePACIModal.test.jsx[2m 
> [22mCreatePACIModal Component[2m > [22mform fields[2m > [22mdebe tener 
campos de formulario
[41m[1m FAIL [22m[49m src/components/features/CreatePACIModal.test.jsx[2m 
> [22mCreatePACIModal Component[2m > [22mform submission[2m > [22mdebe 
llamar onSuccess cuando se env├¡a el formulario correctamente
[41m[1m FAIL [22m[49m src/components/features/CreatePACIModal.test.jsx[2m 
> [22mCreatePACIModal Component[2m > [22mform submission[2m > [22mdebe 
validar campos requeridos
[41m[1m FAIL [22m[49m src/components/features/CreatePACIModal.test.jsx[2m 
> [22mCreatePACIModal Component[2m > [22mmodal actions[2m > [22mdebe 
cerrar modal cuando se hace clic en Cancelar
[41m[1m FAIL [22m[49m src/components/features/CreatePACIModal.test.jsx[2m 
> [22mCreatePACIModal Component[2m > [22mmodal actions[2m > [22mdebe 
cerrar cuando se presiona ESC
[41m[1m FAIL [22m[49m src/components/features/CreatePACIModal.test.jsx[2m 
> [22mCreatePACIModal Component[2m > [22mmodal actions[2m > [22mdebe 
llamar onClose cuando se hace clic fuera del modal
[41m[1m FAIL [22m[49m src/components/features/CreatePACIModal.test.jsx[2m 
> [22mCreatePACIModal Component[2m > [22merror handling[2m > [22mdebe 
mostrar mensaje de error si falla la creaci├│n
[41m[1m FAIL [22m[49m src/components/features/CreatePACIModal.test.jsx[2m 
> [22mCreatePACIModal Component[2m > [22merror handling[2m > [22mdebe 
mostrar loading durante el env├¡o
[41m[1m FAIL [22m[49m src/components/features/CreatePACIModal.test.jsx[2m 
> [22mCreatePACIModal Component[2m > [22maccessibility[2m > [22mdebe ser 
accesible con teclado
[41m[1m FAIL [22m[49m src/components/features/CreatePACIModal.test.jsx[2m 
> [22mCreatePACIModal Component[2m > [22maccessibility[2m > [22mdebe 
tener aria-label descriptivo
[31m[1mTypeError[22m: Cannot destructure property 'user' of 'useAuth(...)' 
as it is undefined.[39m
[36m [2mÔØ»[22m CreatePACIModal 
src/components/features/CreatePACIModal.jsx:[2m74:11[22m[39m
    [90m 72|[39m
    [90m 73|[39m [35mconst[39m [33mCreatePACIModal[39m [33m=[39m ({ 
isOpen[33m,[39m onClose[33m,[39m onSuccess }) [33m=>[39m {
    [90m 74|[39m   [35mconst[39m { user } [33m=[39m 
[34museAuth[39m()[33m;[39m
    [90m   |[39m           [31m^[39m
    [90m 75|[39m   [35mconst[39m [loading[33m,[39m setLoading] 
[33m=[39m [34museState[39m([35mfalse[39m)[33m;[39m
    [90m 76|[39m   [35mconst[39m [error[33m,[39m setError] [33m=[39m 
[34museState[39m([35mnull[39m)[33m;[39m
[90m [2mÔØ»[22m Object.react_stack_bottom_frame node_modules/react-dom/cjs/r
eact-dom-client.development.js:[2m25904:20[22m[39m
[90m [2mÔØ»[22m renderWithHooks node_modules/react-dom/cjs/react-dom-client.
development.js:[2m7662:22[22m[39m
[90m [2mÔØ»[22m updateFunctionComponent node_modules/react-dom/cjs/react-dom
-client.development.js:[2m10166:19[22m[39m
[90m [2mÔØ»[22m beginWork node_modules/react-dom/cjs/react-dom-client.develo
pment.js:[2m11778:18[22m[39m
[90m [2mÔØ»[22m runWithFiberInDEV 
node_modules/react-dom/cjs/react-dom-client.development.js:[2m874:13[22m[39m
[90m [2mÔØ»[22m performUnitOfWork node_modules/react-dom/cjs/react-dom-clien
t.development.js:[2m17641:22[22m[39m
[90m [2mÔØ»[22m workLoopSync node_modules/react-dom/cjs/react-dom-client.dev
elopment.js:[2m17469:41[22m[39m
[90m [2mÔØ»[22m renderRootSync node_modules/react-dom/cjs/react-dom-client.d
evelopment.js:[2m17450:11[22m[39m
[90m [2mÔØ»[22m performWorkOnRoot node_modules/react-dom/cjs/react-dom-clien
t.development.js:[2m16583:35[22m[39m

[31m[2mÔÄ»ÔÄ»ÔÄ»ÔÄ»ÔÄ»ÔÄ»ÔÄ»ÔÄ»ÔÄ»ÔÄ»ÔÄ»ÔÄ»ÔÄ»ÔÄ»ÔÄ»ÔÄ»ÔÄ»ÔÄ»ÔÄ»ÔÄ»ÔÄ»ÔÄ»[17/
74]ÔÄ»[22m[39m

[41m[1m FAIL [22m[49m src/components/layout/MainContainer.test.jsx[2m > 
[22mMainContainer Component[2m > [22mrender[2m > [22mdebe renderizar sin 
errores
[31m[1mAssertionError[22m: expected [Function] to not throw an error but 
'Error: useLocation() may be used onlyÔÇª' was thrown[39m

[32m- Expected:[39m
undefined

[31m+ Received:[39m
"Error: useLocation() may be used only in the context of a <Router> component."

[36m [2mÔØ»[22m 
src/components/layout/MainContainer.test.jsx:[2m25:14[22m[39m
    [90m 23|[39m           
[33m<[39m[33m/[39m[33mMainContainer[39m[33m>[39m
    [90m 24|[39m         )[33m;[39m
    [90m 25|[39m       
})[33m.[39mnot[33m.[39m[34mtoThrow[39m()[33m;[39m
    [90m   |[39m              [31m^[39m
    [90m 26|[39m     })[33m;[39m
    [90m 27|[39m

[31m[2mÔÄ»ÔÄ»ÔÄ»ÔÄ»ÔÄ»ÔÄ»ÔÄ»ÔÄ»ÔÄ»ÔÄ»ÔÄ»ÔÄ»ÔÄ»ÔÄ»ÔÄ»ÔÄ»ÔÄ»ÔÄ»ÔÄ»ÔÄ»ÔÄ»ÔÄ»[18/
74]ÔÄ»[22m[39m

[41m[1m FAIL [22m[49m src/components/layout/MainContainer.test.jsx[2m > 
[22mMainContainer Component[2m > [22mrender[2m > [22mdebe renderizar 
contenido hijo
[41m[1m FAIL [22m[49m src/components/layout/MainContainer.test.jsx[2m > 
[22mMainContainer Component[2m > [22mrender[2m > [22mdebe renderizar 
m├║ltiples elementos hijos
[41m[1m FAIL [22m[49m src/components/layout/MainContainer.test.jsx[2m > 
[22mMainContainer Component[2m > [22mlayout structure[2m > [22mdebe tener 
estructura de contenedor principal
[41m[1m FAIL [22m[49m src/components/layout/MainContainer.test.jsx[2m > 
[22mMainContainer Component[2m > [22mlayout structure[2m > [22mdebe 
aplicar clases CSS apropiadaspara layout
[41m[1m FAIL [22m[49m src/components/layout/MainContainer.test.jsx[2m > 
[22mMainContainer Component[2m > [22mresponsive design[2m > [22mdebe ser 
responsive
[41m[1m FAIL [22m[49m src/components/layout/MainContainer.test.jsx[2m > 
[22mMainContainer Component[2m > [22mresponsive design[2m > [22mdebe 
tener padding/margin adecuado
[41m[1m FAIL [22m[49m src/components/layout/MainContainer.test.jsx[2m > 
[22mMainContainer Component[2m > [22mwith layout components[2m > [22mdebe 
funcionar junto a TopNav
[41m[1m FAIL [22m[49m src/components/layout/MainContainer.test.jsx[2m > 
[22mMainContainer Component[2m > [22maccessibility[2m > [22mdebe usar 
etiqueta main sem├íntica si es posible
[41m[1m FAIL [22m[49m src/components/layout/MainContainer.test.jsx[2m > 
[22mMainContainer Component[2m > [22mcontent overflow[2m > [22mdebe 
manejar contenido grande
[41m[1m FAIL [22m[49m src/components/layout/MainContainer.test.jsx[2m > 
[22mMainContainer Component[2m > [22mcontent overflow[2m > [22mdebe 
permitir scroll si es necesario
[31m[1mError[22m: useLocation() may be used only in the context of a 
<Router> component.[39m
[90m [2mÔØ»[22m invariant node_modules/react-router/dist/development/chunk-O
E4NN4TA.mjs:[2m199:11[22m[39m
[90m [2mÔØ»[22m useLocation node_modules/react-router/dist/development/chunk
-OE4NN4TA.mjs:[2m5640:3[22m[39m
[36m [2mÔØ»[22m SideNav 
src/components/layout/SideNav.jsx:[2m11:20[22m[39m
    [90m  9|[39m
    [90m 10|[39m [35mconst[39m [33mSideNav[39m [33m=[39m () 
[33m=>[39m {
    [90m 11|[39m   [35mconst[39m location [33m=[39m 
[34museLocation[39m()[33m;[39m
    [90m   |[39m                    [31m^[39m
    [90m 12|[39m   [35mconst[39m { logout } [33m=[39m 
[34museAuth[39m()[33m;[39m
    [90m 13|[39m
[90m [2mÔØ»[22m Object.react_stack_bottom_frame node_modules/react-dom/cjs/r
eact-dom-client.development.js:[2m25904:20[22m[39m
[90m [2mÔØ»[22m renderWithHooks node_modules/react-dom/cjs/react-dom-client.
development.js:[2m7662:22[22m[39m
[90m [2mÔØ»[22m updateFunctionComponent node_modules/react-dom/cjs/react-dom
-client.development.js:[2m10166:19[22m[39m
[90m [2mÔØ»[22m beginWork node_modules/react-dom/cjs/react-dom-client.develo
pment.js:[2m11778:18[22m[39m
[90m [2mÔØ»[22m runWithFiberInDEV 
node_modules/react-dom/cjs/react-dom-client.development.js:[2m874:13[22m[39m
[90m [2mÔØ»[22m performUnitOfWork node_modules/react-dom/cjs/react-dom-clien
t.development.js:[2m17641:22[22m[39m
[90m [2mÔØ»[22m workLoopSync node_modules/react-dom/cjs/react-dom-client.dev
elopment.js:[2m17469:41[22m[39m

[31m[2mÔÄ»ÔÄ»ÔÄ»ÔÄ»ÔÄ»ÔÄ»ÔÄ»ÔÄ»ÔÄ»ÔÄ»ÔÄ»ÔÄ»ÔÄ»ÔÄ»ÔÄ»ÔÄ»ÔÄ»ÔÄ»ÔÄ»ÔÄ»ÔÄ»ÔÄ»[19/
74]ÔÄ»[22m[39m

[41m[1m FAIL [22m[49m src/components/layout/TopNav.test.jsx[2m > 
[22mTopNav Component[2m > [22mresponsive design[2m > [22mdebe ser 
responsive
[31m[1mError[22m: 
[2mexpect([22m[31mreceived[31m[2m).toBeInTheDocument()[22m

[31mreceived[31m value must be an HTMLElement or an SVGElement.
Received has type:  Null
Received has value: [31mnull[31m[39m
[36m [2mÔØ»[22m src/components/layout/TopNav.test.jsx:[2m149:19[22m[39m
    [90m147|[39m       [35mconst[39m nav [33m=[39m 
container[33m.[39m[34mquerySelector[39m([32m'nav'[39m)[33m;[39m
    [90m148|[39m
    [90m149|[39m       
[34mexpect[39m(nav)[33m.[39m[34mtoBeInTheDocument[39m()[33m;[39m
    [90m   |[39m                   [31m^[39m
    [90m150|[39m     })[33m;[39m
    [90m151|[39m

[31m[2mÔÄ»ÔÄ»ÔÄ»ÔÄ»ÔÄ»ÔÄ»ÔÄ»ÔÄ»ÔÄ»ÔÄ»ÔÄ»ÔÄ»ÔÄ»ÔÄ»ÔÄ»ÔÄ»ÔÄ»ÔÄ»ÔÄ»ÔÄ»ÔÄ»ÔÄ»[20/
74]ÔÄ»[22m[39m

[41m[1m FAIL [22m[49m src/components/layout/TopNav.test.jsx[2m > 
[22mTopNav Component[2m > [22maccessibility[2m > [22mdebe tener 
estructura nav sem├íntica
[31m[1mError[22m: 
[2mexpect([22m[31mreceived[31m[2m).toBeInTheDocument()[22m

[31mreceived[31m value must be an HTMLElement or an SVGElement.
Received has type:  Null
Received has value: [31mnull[31m[39m
[36m [2mÔØ»[22m src/components/layout/TopNav.test.jsx:[2m173:19[22m[39m
    [90m171|[39m       [35mconst[39m nav [33m=[39m 
container[33m.[39m[34mquerySelector[39m([32m'nav'[39m)[33m;[39m
    [90m172|[39m
    [90m173|[39m       
[34mexpect[39m(nav)[33m.[39m[34mtoBeInTheDocument[39m()[33m;[39m
    [90m   |[39m                   [31m^[39m
    [90m174|[39m     })[33m;[39m
    [90m175|[39m

[31m[2mÔÄ»ÔÄ»ÔÄ»ÔÄ»ÔÄ»ÔÄ»ÔÄ»ÔÄ»ÔÄ»ÔÄ»ÔÄ»ÔÄ»ÔÄ»ÔÄ»ÔÄ»ÔÄ»ÔÄ»ÔÄ»ÔÄ»ÔÄ»ÔÄ»ÔÄ»[21/
74]ÔÄ»[22m[39m

[41m[1m FAIL [22m[49m 
src/components/ui/FloatingSessionIndicator.test.jsx[2m > 
[22mFloatingSessionIndicator Component[2m > [22mrender[2m > [22mdebe 
renderizar sin errores
[31m[1mAssertionError[22m: expected [Function] to not throw an error but 
'Error: useNavigate() may be used onlyÔÇª' was thrown[39m

[32m- Expected:[39m
undefined

[31m+ Received:[39m
"Error: useNavigate() may be used only in the context of a <Router> component."

[36m [2mÔØ»[22m 
src/components/ui/FloatingSessionIndicator.test.jsx:[2m26:14[22m[39m
    [90m 24|[39m       [34mexpect[39m(() [33m=>[39m {
    [90m 25|[39m         
[34mrender[39m([33m<[39m[33mFloatingSessionIndicator[39m 
[33m/[39m[33m>[39m)[33m;[39m
    [90m 26|[39m       
})[33m.[39mnot[33m.[39m[34mtoThrow[39m()[33m;[39m
    [90m   |[39m              [31m^[39m
    [90m 27|[39m     })[33m;[39m
    [90m 28|[39m

[31m[2mÔÄ»ÔÄ»ÔÄ»ÔÄ»ÔÄ»ÔÄ»ÔÄ»ÔÄ»ÔÄ»ÔÄ»ÔÄ»ÔÄ»ÔÄ»ÔÄ»ÔÄ»ÔÄ»ÔÄ»ÔÄ»ÔÄ»ÔÄ»ÔÄ»ÔÄ»[22/
74]ÔÄ»[22m[39m

[41m[1m FAIL [22m[49m 
src/components/ui/FloatingSessionIndicator.test.jsx[2m > 
[22mFloatingSessionIndicator Component[2m > [22mrender[2m > [22mno debe 
mostrar indicador si no hay sesi├│n activa
[41m[1m FAIL [22m[49m 
src/components/ui/FloatingSessionIndicator.test.jsx[2m > 
[22mFloatingSessionIndicator Component[2m > [22msession display[2m > 
[22mdebe mostrar indicador cuando hay sesi├│n activa
[41m[1m FAIL [22m[49m 
src/components/ui/FloatingSessionIndicator.test.jsx[2m > 
[22mFloatingSessionIndicator Component[2m > [22msession display[2m > 
[22mdebe mostrar el estado de la sesi├│n
[41m[1m FAIL [22m[49m 
src/components/ui/FloatingSessionIndicator.test.jsx[2m > 
[22mFloatingSessionIndicator Component[2m > [22msession display[2m > 
[22mdebe cambiar de color seg├║n el estado
[41m[1m FAIL [22m[49m 
src/components/ui/FloatingSessionIndicator.test.jsx[2m > 
[22mFloatingSessionIndicator Component[2m > [22mfloating position[2m > 
[22mdebe tener posici├│n flotante
[41m[1m FAIL [22m[49m 
src/components/ui/FloatingSessionIndicator.test.jsx[2m > 
[22mFloatingSessionIndicator Component[2m > [22manimations[2m > [22mdebe 
mostrar animaci├│n cuando est├í en running
[31m[1mError[22m: useNavigate() may be used only in the context of a 
<Router> component.[39m
[90m [2mÔØ»[22m invariant node_modules/react-router/dist/development/chunk-O
E4NN4TA.mjs:[2m199:11[22m[39m
[90m [2mÔØ»[22m useNavigateUnstable node_modules/react-router/dist/developme
nt/chunk-OE4NN4TA.mjs:[2m5676:3[22m[39m
[90m [2mÔØ»[22m useNavigate node_modules/react-router/dist/development/chunk
-OE4NN4TA.mjs:[2m5673:46[22m[39m
[36m [2mÔØ»[22m FloatingSessionIndicator 
src/components/ui/FloatingSessionIndicator.jsx:[2m7:20[22m[39m
    [90m  5|[39m [35mconst[39m [33mFloatingSessionIndicator[39m 
[33m=[39m () [33m=>[39m {
    [90m  6|[39m   [35mconst[39m { activeSession } [33m=[39m 
[34museActiveSession[39m()[33m;[39m
    [90m  7|[39m   [35mconst[39m navigate [33m=[39m 
[34museNavigate[39m()[33m;[39m
    [90m   |[39m                    [31m^[39m
    [90m  8|[39m   [35mconst[39m location [33m=[39m 
[34museLocation[39m()[33m;[39m
    [90m  9|[39m
[90m [2mÔØ»[22m Object.react_stack_bottom_frame node_modules/react-dom/cjs/r
eact-dom-client.development.js:[2m25904:20[22m[39m
[90m [2mÔØ»[22m renderWithHooks node_modules/react-dom/cjs/react-dom-client.
development.js:[2m7662:22[22m[39m
[90m [2mÔØ»[22m updateFunctionComponent node_modules/react-dom/cjs/react-dom
-client.development.js:[2m10166:19[22m[39m
[90m [2mÔØ»[22m beginWork node_modules/react-dom/cjs/react-dom-client.develo
pment.js:[2m11778:18[22m[39m
[90m [2mÔØ»[22m runWithFiberInDEV 
node_modules/react-dom/cjs/react-dom-client.development.js:[2m874:13[22m[39m
[90m [2mÔØ»[22m performUnitOfWork node_modules/react-dom/cjs/react-dom-clien
t.development.js:[2m17641:22[22m[39m

[31m[2mÔÄ»ÔÄ»ÔÄ»ÔÄ»ÔÄ»ÔÄ»ÔÄ»ÔÄ»ÔÄ»ÔÄ»ÔÄ»ÔÄ»ÔÄ»ÔÄ»ÔÄ»ÔÄ»ÔÄ»ÔÄ»ÔÄ»ÔÄ»ÔÄ»ÔÄ»[23/
74]ÔÄ»[22m[39m

[41m[1m FAIL [22m[49m src/components/ui/SessionToast.test.jsx[2m > 
[22mSessionToast Component[2m > [22mrender[2m > [22mdebe renderizar sin 
errores
[31m[1mAssertionError[22m: expected [Function] to not throw an error but 
'Error: useNavigate() may be used onlyÔÇª' was thrown[39m

[32m- Expected:[39m
undefined

[31m+ Received:[39m
"Error: useNavigate() may be used only in the context of a <Router> component."

[36m [2mÔØ»[22m src/components/ui/SessionToast.test.jsx:[2m26:14[22m[39m
    [90m 24|[39m       [34mexpect[39m(() [33m=>[39m {
    [90m 25|[39m         [34mrender[39m([33m<[39m[33mSessionToast[39m 
[33m/[39m[33m>[39m)[33m;[39m
    [90m 26|[39m       
})[33m.[39mnot[33m.[39m[34mtoThrow[39m()[33m;[39m
    [90m   |[39m              [31m^[39m
    [90m 27|[39m     })[33m;[39m
    [90m 28|[39m

[31m[2mÔÄ»ÔÄ»ÔÄ»ÔÄ»ÔÄ»ÔÄ»ÔÄ»ÔÄ»ÔÄ»ÔÄ»ÔÄ»ÔÄ»ÔÄ»ÔÄ»ÔÄ»ÔÄ»ÔÄ»ÔÄ»ÔÄ»ÔÄ»ÔÄ»ÔÄ»[24/
74]ÔÄ»[22m[39m

[41m[1m FAIL [22m[49m src/components/ui/SessionToast.test.jsx[2m > 
[22mSessionToast Component[2m > [22mrender[2m > [22mno debe mostrar nada 
si no hay sesi├│n activa
[41m[1m FAIL [22m[49m src/components/ui/SessionToast.test.jsx[2m > 
[22mSessionToast Component[2m > [22msession states[2m > [22mdebe mostrar 
toast cuando hay sesi├│n en ejecuci├│n
[41m[1m FAIL [22m[49m src/components/ui/SessionToast.test.jsx[2m > 
[22mSessionToast Component[2m > [22msession states[2m > [22mdebe mostrar 
mensaje cuando sesi├│n est├í completada
[41m[1m FAIL [22m[49m src/components/ui/SessionToast.test.jsx[2m > 
[22mSessionToast Component[2m > [22msession states[2m > [22mdebe mostrar 
error cuando hay error en sesi├│n
[41m[1m FAIL [22m[49m src/components/ui/SessionToast.test.jsx[2m > 
[22mSessionToast Component[2m > [22msession states[2m > [22mdebe mostrar 
indicador cuando est├í esperando HITL
[41m[1m FAIL [22m[49m src/components/ui/SessionToast.test.jsx[2m > 
[22mSessionToast Component[2m > [22msession transitions[2m > [22mdebe 
actualizar cuando cambia el estado de la sesi├│n
[31m[1mError[22m: useNavigate() may be used only in the context of a 
<Router> component.[39m
[90m [2mÔØ»[22m invariant node_modules/react-router/dist/development/chunk-O
E4NN4TA.mjs:[2m199:11[22m[39m
[90m [2mÔØ»[22m useNavigateUnstable node_modules/react-router/dist/developme
nt/chunk-OE4NN4TA.mjs:[2m5676:3[22m[39m
[90m [2mÔØ»[22m useNavigate node_modules/react-router/dist/development/chunk
-OE4NN4TA.mjs:[2m5673:46[22m[39m
[36m [2mÔØ»[22m SessionToast 
src/components/ui/SessionToast.jsx:[2m10:20[22m[39m
    [90m  8|[39m [35mconst[39m [33mSessionToast[39m [33m=[39m () 
[33m=>[39m {
    [90m  9|[39m   [35mconst[39m { activeSession[33m,[39m stopTracking } 
[33m=[39m [34museActiveSession[39m()[33m;[39m
    [90m 10|[39m   [35mconst[39m navigate [33m=[39m 
[34museNavigate[39m()[33m;[39m
    [90m   |[39m                    [31m^[39m
    [90m 11|[39m   [35mconst[39m [progress[33m,[39m setProgress] 
[33m=[39m [34museState[39m([34m100[39m)[33m;[39m
    [90m 12|[39m   [35mconst[39m [visible[33m,[39m setVisible] 
[33m=[39m [34museState[39m([35mfalse[39m)[33m;[39m
[90m [2mÔØ»[22m Object.react_stack_bottom_frame node_modules/react-dom/cjs/r
eact-dom-client.development.js:[2m25904:20[22m[39m
[90m [2mÔØ»[22m renderWithHooks node_modules/react-dom/cjs/react-dom-client.
development.js:[2m7662:22[22m[39m
[90m [2mÔØ»[22m updateFunctionComponent node_modules/react-dom/cjs/react-dom
-client.development.js:[2m10166:19[22m[39m
[90m [2mÔØ»[22m beginWork node_modules/react-dom/cjs/react-dom-client.develo
pment.js:[2m11778:18[22m[39m
[90m [2mÔØ»[22m runWithFiberInDEV 
node_modules/react-dom/cjs/react-dom-client.development.js:[2m874:13[22m[39m
[90m [2mÔØ»[22m performUnitOfWork node_modules/react-dom/cjs/react-dom-clien
t.development.js:[2m17641:22[22m[39m

[31m[2mÔÄ»ÔÄ»ÔÄ»ÔÄ»ÔÄ»ÔÄ»ÔÄ»ÔÄ»ÔÄ»ÔÄ»ÔÄ»ÔÄ»ÔÄ»ÔÄ»ÔÄ»ÔÄ»ÔÄ»ÔÄ»ÔÄ»ÔÄ»ÔÄ»ÔÄ»[25/
74]ÔÄ»[22m[39m

[31mÔÄ»ÔÄ»ÔÄ»ÔÄ»ÔÄ»ÔÄ»[39m[1m[41m Unhandled Errors 
[49m[22m[31mÔÄ»ÔÄ»ÔÄ»ÔÄ»ÔÄ»ÔÄ»[39m
[31m[1m
Vitest caught 1 unhandled error during the test run.
This might cause false positive tests. Resolve unhandled errors to make sure 
your tests are not affected.[22m[39m

[31mÔÄ»ÔÄ»ÔÄ»ÔÄ»ÔÄ»[39m[1m[41m Uncaught Exception 
[49m[22m[31mÔÄ»ÔÄ»ÔÄ»ÔÄ»ÔÄ»[39m
[31m[1mReferenceError[22m: EventSource is not defined[39m
[36m [2mÔØ»[22m src/context/ActiveSessionContext.jsx:[2m49:20[22m[39m
    [90m 47|[39m     [35mconst[39m base [33m=[39m 
[33mCHAT_ENDPOINTS[39m[33m.[39m[33mSTREAM[39m(sessionId)[33m;[39m
    [90m 48|[39m     const url = token ? 
`${base}?token=${encodeURIComponent(token)}` :ÔÇª
    [90m 49|[39m     [35mconst[39m source [33m=[39m [35mnew[39m 
[33mEventSource[39m(url)[33m;[39m
    [90m   |[39m                    [31m^[39m
    [90m 50|[39m     eventSourceRef[33m.[39mcurrent [33m=[39m 
source[33m;[39m
    [90m 51|[39m
[90m [2mÔØ»[22m src/context/ActiveSessionContext.jsx:[2m98:5[22m[39m
[90m [2mÔØ»[22m onClick 
src/context/ActiveSessionContext.test.jsx:[2m29:30[22m[39m
[90m [2mÔØ»[22m executeDispatch node_modules/react-dom/cjs/react-dom-client.
development.js:[2m19116:9[22m[39m
[90m [2mÔØ»[22m runWithFiberInDEV 
node_modules/react-dom/cjs/react-dom-client.development.js:[2m874:13[22m[39m
[90m [2mÔØ»[22m processDispatchQueue node_modules/react-dom/cjs/react-dom-cl
ient.development.js:[2m19166:19[22m[39m
[90m [2mÔØ»[22m node_modules/react-dom/cjs/react-dom-client.development.js:
[2m19767:9[22m[39m
[90m [2mÔØ»[22m batchedUpdates$1 node_modules/react-dom/cjs/react-dom-client
.development.js:[2m3255:40[22m[39m
[90m [2mÔØ»[22m dispatchEventForPluginEventSystem node_modules/react-dom/cjs
/react-dom-client.development.js:[2m19320:7[22m[39m
[90m [2mÔØ»[22m dispatchEvent node_modules/react-dom/cjs/react-dom-client.de
velopment.js:[2m23585:11[22m[39m

[31mThis error originated in 
"[1msrc/context/ActiveSessionContext.test.jsx[22m" test file. It doesn't 
mean the error was thrown inside the file itself, but while it was 
running.[39m
[31mThe latest test that might've caused the error is "[1mdebe permitir 
iniciar el rastreo de una sesi├│n[22m". It might mean one of the following:
- The error was thrown, while Vitest was running this test.
- If the error occurred after the test had been completed, this was the last 
documented test before it was thrown.[39m
[31mÔÄ»ÔÄ»ÔÄ»ÔÄ»ÔÄ»ÔÄ»ÔÄ»ÔÄ»ÔÄ»ÔÄ»ÔÄ»ÔÄ»ÔÄ»ÔÄ»ÔÄ»ÔÄ»ÔÄ»ÔÄ»ÔÄ»ÔÄ»ÔÄ»ÔÄ»ÔÄ»ÔÄ»ÔÄ
»ÔÄ»ÔÄ»ÔÄ»ÔÄ»ÔÄ»[39m


[2m Test Files [22m [1m[31m14 failed[39m[22m[2m | [22m[1m[32m9 passed[39m[22m[90m (23)[39m
[2m      Tests [22m [1m[31m70 failed[39m[22m[2m | [22m[1m[32m168 passed[39m[22m[90m (238)[39m
[2m     Errors [22m [1m[31m1 error[39m[22m
[2m   Start at [22m 22:12:08
[2m   Duration [22m 6.82s[2m (transform 2.06s, setup 5.05s, import 8.61s, tests 1.30s, environment 31.59s)[22m

[1m[30m[41m FAIL [49m[39m[22m [31mTests failed. Watching for file changes...[39m
       [2mpress [22m[1mh[22m[2m to show help[22m[2m, [22m[2mpress [22m[1mq[22m[2m to quit[22m
c[3J[1m[30m[44m RERUN [49m[39m[22m [34m[2msrc/services/paciService.test.js [22m[34mx1 [34m[39m

 [31mÔØ»[39m src/services/authErrors.test.js [2m([22m[2m11 tests[22m[2m | [22m[31m1 failed[39m[2m)[22m[32m 16[2mms[22m[39m
[31m       [31m├ù[31m debe tener codes definidos para errores conocidos[39m[32m 10[2mms[22m[39m
       [32mÔ£ô[39m debe retornar el c├│digo del error si existe[32m 1[2mms[22m[39m
       [32mÔ£ô[39m debe retornar null si no hay c├│digo[32m 0[2mms[22m[39m
       [32mÔ£ô[39m debe detectar errores de credenciales inv├ílidas[32m 0[2mms[22m[39m
       [32mÔ£ô[39m debe retornar false para otros errores[32m 0[2mms[22m[39m
       [32mÔ£ô[39m debe detectar errores de sesi├│n expirada[32m 0[2mms[22m[39m
       [32mÔ£ô[39m debe retornar false para otros errores[32m 0[2mms[22m[39m
       [32mÔ£ô[39m retorna el mensaje del backend cuando est├í disponible[32m 0[2mms[22m[39m
       [32mÔ£ô[39m debe usar el fallback cuando el mensaje no existe[32m 0[2mms[22m[39m
       [32mÔ£ô[39m debe retornar fallback cuando errorData es undefined[32m 0[2mms[22m[39m
       [32mÔ£ô[39m debe retornar mensaje vac├¡o si no hay fallback[32m 0[2mms[22m[39m
 [31mÔØ»[39m src/App.test.jsx [2m([22m[2m14 tests[22m[2m | [22m[31m11 failed[39m[2m)[22m[32m 127[2mms[22m[39m
     [32mÔ£ô[39m debe renderizar sin errores[32m 61[2mms[22m[39m
     [32mÔ£ô[39m debe mostrar FloatingSessionIndicator[32m 13[2mms[22m[39m
     [32mÔ£ô[39m debe mostrar SessionToast[32m 4[2mms[22m[39m
[31m     [31m├ù[31m debe proporcionar AuthProvider[39m[32m 12[2mms[22m[39m
[31m     [31m├ù[31m debe proporcionar ActiveSessionProvider[39m[32m 4[2mms[22m[39m
[31m     [31m├ù[31m debe mostrar loading mientras carga autenticaci├│n[39m[32m 8[2mms[22m[39m
[31m     [31m├ù[31m debe redirigir a login si no est├í autenticado[39m[32m 2[2mms[22m[39m
[31m     [31m├ù[31m debe mostrar p├ígina protegida si est├í autenticado[39m[32m 3[2mms[22m[39m
[31m     [31m├ù[31m debe mostrar LoginPage en ruta /login[39m[32m 3[2mms[22m[39m
[31m     [31m├ù[31m debe mostrar DashboardPage en ruta /dashboard[39m[32m 3[2mms[22m[39m
[31m     [31m├ù[31m debe mostrar PACIPage en ruta /paci[39m[32m 3[2mms[22m[39m
[31m     [31m├ù[31m debe mostrar ProfilePage en ruta /profile[39m[32m 3[2mms[22m[39m
[31m     [31m├ù[31m debe redirigir ruta ra├¡z a /dashboard[39m[32m 3[2mms[22m[39m
[31m     [31m├ù[31m debe manejar rutas inexistentes[39m[32m 2[2mms[22m[39m
 [31mÔØ»[39m src/components/ui/FloatingSessionIndicator.test.jsx [2m([22m[2m7 tests[22m[2m | [22m[31m7 failed[39m[2m)[22m[32m 64[2mms[22m[39m
[31m       [31m├ù[31m debe renderizar sin errores[39m[32m 39[2mms[22m[39m
[31m       [31m├ù[31m no debe mostrar indicador si no hay sesi├│n activa[39m[32m 4[2mms[22m[39m
[31m       [31m├ù[31m debe mostrar indicador cuando hay sesi├│n activa[39m[32m 3[2mms[22m[39m
[31m       [31m├ù[31m debe mostrar el estado de la sesi├│n[39m[32m 2[2mms[22m[39m
[31m       [31m├ù[31m debe cambiar de color seg├║n el estado[39m[32m 4[2mms[22m[39m
[31m       [31m├ù[31m debe tener posici├│n flotante[39m[32m 3[2mms[22m[39m
[31m       [31m├ù[31m debe mostrar animaci├│n cuando est├í en running[39m[32m 2[2mms[22m[39m
 [31mÔØ»[39m src/context/ActiveSessionContext.test.jsx [2m([22m[2m10 tests[22m[2m | [22m[31m2 failed[39m[2m)[22m[32m 138[2mms[22m[39m
       [32mÔ£ô[39m debe iniciar sin sesi├│n activa[32m 49[2mms[22m[39m
[31m       [31m├ù[31m debe recuperar sesi├│n del localStorage si existe[39m[32m 11[2mms[22m[39m
       [32mÔ£ô[39m debe ignorar datos inv├ílidos del localStorage[32m 3[2mms[22m[39m
       [32mÔ£ô[39m debe permitir iniciar el rastreo de una sesi├│n[32m 34[2mms[22m[39m
       [32mÔ£ô[39m debe permitir detener el rastreo de una sesi├│n[32m 7[2mms[22m[39m
       [32mÔ£ô[39m debe proporcionar contexto de sesi├│n activa[32m 5[2mms[22m[39m
[31m       [31m├ù[31m debe gestionar transiciones de fase correctamente[39m[32m 6[2mms[22m[39m
       [32mÔ£ô[39m debe manejar sesiones completadas[32m 3[2mms[22m[39m
       [32mÔ£ô[39m debe manejar errores en sesiones[32m 2[2mms[22m[39m
       [32mÔ£ô[39m debe limpiar localStorage al detener sesi├│n[32m 12[2mms[22m[39m
 [31mÔØ»[39m src/components/layout/MainContainer.test.jsx [2m([22m[2m11 tests[22m[2m | [22m[31m11 failed[39m[2m)[22m[32m 67[2mms[22m[39m
[31m       [31m├ù[31m debe renderizar sin errores[39m[32m 42[2mms[22m[39m
[31m       [31m├ù[31m debe renderizar contenido hijo[39m[32m 3[2mms[22m[39m
[31m       [31m├ù[31m debe renderizar m├║ltiples elementos hijos[39m[32m 2[2mms[22m[39m
[31m       [31m├ù[31m debe tener estructura de contenedor principal[39m[32m 1[2mms[22m[39m
[31m       [31m├ù[31m debe aplicar clases CSS apropiadaspara layout[39m[32m 2[2mms[22m[39m
[31m       [31m├ù[31m debe ser responsive[39m[32m 1[2mms[22m[39m
[31m       [31m├ù[31m debe tener padding/margin adecuado[39m[32m 1[2mms[22m[39m
[31m       [31m├ù[31m debe funcionar junto a TopNav[39m[32m 5[2mms[22m[39m
[31m       [31m├ù[31m debe usar etiqueta main sem├íntica si es posible[39m[32m 2[2mms[22m[39m
[31m       [31m├ù[31m debe manejar contenido grande[39m[32m 3[2mms[22m[39m
[31m       [31m├ù[31m debe permitir scroll si es necesario[39m[32m 1[2mms[22m[39m
 [31mÔØ»[39m src/components/layout/TopNav.test.jsx [2m([22m[2m13 tests[22m[2m | [22m[31m2 failed[39m[2m)[22m[32m 145[2mms[22m[39m
       [32mÔ£ô[39m debe renderizar sin errores[32m 56[2mms[22m[39m
       [32mÔ£ô[39m debe mostrar logo o branding[32m 7[2mms[22m[39m
       [32mÔ£ô[39m debe mostrar informaci├│n del usuario[32m 6[2mms[22m[39m
       [32mÔ£ô[39m debe mostrar men├║ de navegaci├│n[32m 7[2mms[22m[39m
       [32mÔ£ô[39m debe tener enlace a dashboard[32m 15[2mms[22m[39m
       [32mÔ£ô[39m debe tener enlace a PACI[32m 7[2mms[22m[39m
       [32mÔ£ô[39m debe mostrar opci├│n de logout[32m 5[2mms[22m[39m
       [32mÔ£ô[39m debe llamar logout cuando se hace clic[32m 7[2mms[22m[39m
       [32mÔ£ô[39m debe mostrar opci├│n de perfil[32m 4[2mms[22m[39m
[31m       [31m├ù[31m debe ser responsive[39m[32m 11[2mms[22m[39m
       [32mÔ£ô[39m debe tener men├║ mobile si es necesario[32m 5[2mms[22m[39m
[31m       [31m├ù[31m debe tener estructura nav sem├íntica[39m[32m 5[2mms[22m[39m
       [32mÔ£ô[39m debe tener aria-label en botones importantes[32m 4[2mms[22m[39m
 [31mÔØ»[39m src/constants/api.test.js [2m([22m[2m16 tests[22m[2m | [22m[31m4 failed[39m[2m)[22m[32m 26[2mms[22m[39m
       [32mÔ£ô[39m debe tener todos los endpoints de autenticaci├│n[32m 4[2mms[22m[39m
       [32mÔ£ô[39m debe retornar strings v├ílidos para endpoints[32m 1[2mms[22m[39m
[31m       [31m├ù[31m debe tener endpoints bien formados[39m[32m 9[2mms[22m[39m
       [32mÔ£ô[39m debe tener todos los endpoints de chat[32m 0[2mms[22m[39m
       [32mÔ£ô[39m debe retornar funciones para endpoints din├ímicos[32m 0[2mms[22m[39m
       [32mÔ£ô[39m debe construir URLs de sesi├│n din├ímicas correctamente[32m 0[2mms[22m[39m
       [32mÔ£ô[39m debe retornar START como string[32m 0[2mms[22m[39m
       [32mÔ£ô[39m debe tener todos los endpoints de jobs[32m 0[2mms[22m[39m
       [32mÔ£ô[39m debe retornar funciones para endpoints din├ímicos[32m 0[2mms[22m[39m
       [32mÔ£ô[39m debe construir URLs de job din├ímicas correctamente[32m 0[2mms[22m[39m
       [32mÔ£ô[39m debe retornar strings para endpoints est├íticos[32m 0[2mms[22m[39m
[31m       [31m├ù[31m debe tener URLs base definidas[39m[32m 2[2mms[22m[39m
[31m       [31m├ù[31m debe retornar strings v├ílidos para URLs[39m[32m 4[2mms[22m[39m
[31m       [31m├ù[31m debe tener URLs que comiencen con http o env var[39m[32m 1[2mms[22m[39m
       [32mÔ£ô[39m no debe haber conflictos entre endpoints[32m 0[2mms[22m[39m
       [32mÔ£ô[39m debe seguir convenci├│n de rutas REST[32m 0[2mms[22m[39m
 [31mÔØ»[39m src/components/features/CreatePACIModal.test.jsx [2m([22m[2m14 tests[22m[2m | [22m[31m14 failed[39m[2m)[22m[32m 73[2mms[22m[39m
[31m       [31m├ù[31m debe renderizar sin errores cuando est├í abierto[39m[32m 33[2mms[22m[39m
[31m       [31m├ù[31m no debe renderizar cuando est├í cerrado[39m[32m 5[2mms[22m[39m
[31m       [31m├ù[31m debe mostrar t├¡tulo del modal[39m[32m 4[2mms[22m[39m
[31m       [31m├ù[31m debe tener campo para nombre del estudiante[39m[32m 3[2mms[22m[39m
[31m       [31m├ù[31m debe tener campos de formulario[39m[32m 3[2mms[22m[39m
[31m       [31m├ù[31m debe llamar onSuccess cuando se env├¡a el formulario correctamente[39m[32m 3[2mms[22m[39m
[31m       [31m├ù[31m debe validar campos requeridos[39m[32m 2[2mms[22m[39m
[31m       [31m├ù[31m debe cerrar modal cuando se hace clic en Cancelar[39m[32m 2[2mms[22m[39m
[31m       [31m├ù[31m debe cerrar cuando se presiona ESC[39m[32m 2[2mms[22m[39m
[31m       [31m├ù[31m debe llamar onClose cuando se hace clic fuera del modal[39m[32m 2[2mms[22m[39m
[31m       [31m├ù[31m debe mostrar mensaje de error si falla la creaci├│n[39m[32m 3[2mms[22m[39m
[31m       [31m├ù[31m debe mostrar loading durante el env├¡o[39m[32m 3[2mms[22m[39m
[31m       [31m├ù[31m debe ser accesible con teclado[39m[32m 2[2mms[22m[39m
[31m       [31m├ù[31m debe tener aria-label descriptivo[39m[32m 2[2mms[22m[39m
 [31mÔØ»[39m src/components/ui/SessionToast.test.jsx [2m([22m[2m7 tests[22m[2m | [22m[31m7 failed[39m[2m)[22m[32m 56[2mms[22m[39m
[31m       [31m├ù[31m debe renderizar sin errores[39m[32m 42[2mms[22m[39m
[31m       [31m├ù[31m no debe mostrar nada si no hay sesi├│n activa[39m[32m 3[2mms[22m[39m
[31m       [31m├ù[31m debe mostrar toast cuando hay sesi├│n en ejecuci├│n[39m[32m 2[2mms[22m[39m
[31m       [31m├ù[31m debe mostrar mensaje cuando sesi├│n est├í completada[39m[32m 2[2mms[22m[39m
[31m       [31m├ù[31m debe mostrar error cuando hay error en sesi├│n[39m[32m 1[2mms[22m[39m
[31m       [31m├ù[31m debe mostrar indicador cuando est├í esperando HITL[39m[32m 1[2mms[22m[39m
[31m       [31m├ù[31m debe actualizar cuando cambia el estado de la sesi├│n[39m[32m 1[2mms[22m[39m
 [31mÔØ»[39m src/services/jobsService.test.js [2m([22m[2m0 test[22m[2m)[22m
 [31mÔØ»[39m docs/swagger.spec.js [2m([22m[2m0 test[22m[2m)[22m
 [31mÔØ»[39m src/components/features/EditPACIModal.test.jsx [2m([22m[2m0 test[22m[2m)[22m
 [31mÔØ»[39m src/components/features/ViewPACIModal.test.jsx [2m([22m[2m0 test[22m[2m)[22m
 [31mÔØ»[39m src/services/paciService.test.js [2m([22m[2m0 test[22m[2m)[22m

[31mÔÄ»ÔÄ»ÔÄ»ÔÄ»ÔÄ»ÔÄ»[39m[1m[41m Failed Suites 1 
[49m[22m[31mÔÄ»ÔÄ»ÔÄ»ÔÄ»ÔÄ»ÔÄ»ÔÄ»[39m

[41m[1m FAIL [22m[49m src/services/paciService.test.js[2m [ 
src/services/paciService.test.js ][22m
[31m[1mError[22m: Transform failed with 1 error:

[31m[PARSE_ERROR] Error:[0m Unexpected token
     [38;5;246mÔò¡[0m[38;5;246mÔöÇ[0m[38;5;246m[[0m 
src/services/paciService.test.js:279:1 [38;5;246m][0m
     [38;5;246mÔöé[0m
 [38;5;246m279 Ôöé[0m }[38;5;249m)[0m[38;5;249m;[0m
 [38;5;240m    Ôöé[0m Ôö¼  
 [38;5;240m    Ôöé[0m Ôò░ÔöÇÔöÇ 
[38;5;246mÔöÇÔöÇÔöÇÔöÇÔöÇÔò»[0m
[39m
  Plugin: [35mvite:oxc[39m
  File: [36mC:/Users/lucia/Documents/ms-prisma-front-30-04/prisma-front/src/se
rvices/paciService.test.js[39m
[90m [2mÔØ»[22m transformWithOxc 
node_modules/vite/dist/node/chunks/node.js:[2m3343:19[22m[39m
[90m [2mÔØ»[22m TransformPluginContext.transform 
node_modules/vite/dist/node/chunks/node.js:[2m3411:26[22m[39m
[90m [2mÔØ»[22m EnvironmentPluginContainer.transform 
node_modules/vite/dist/node/chunks/node.js:[2m30164:51[22m[39m
[90m [2mÔØ»[22m loadAndTransform 
node_modules/vite/dist/node/chunks/node.js:[2m24512:26[22m[39m
[90m [2mÔØ»[22m fetchModule 
node_modules/vite/dist/node/chunks/node.js:[2m23103:15[22m[39m

[31m[2mÔÄ»ÔÄ»ÔÄ»ÔÄ»ÔÄ»ÔÄ»ÔÄ»ÔÄ»ÔÄ»ÔÄ»ÔÄ»ÔÄ»ÔÄ»ÔÄ»ÔÄ»ÔÄ»ÔÄ»ÔÄ»ÔÄ»ÔÄ»ÔÄ»ÔÄ»ÔÄ»Ô
Ä»[1/1]ÔÄ»[22m[39m


[2m Test Files [22m [1m[31m14 failed[39m[22m[90m (14)[39m
[2m      Tests [22m [1m[31m59 failed[39m[22m[2m | [22m[1m[32m44 passed[39m[22m[90m (103)[39m
[2m   Start at [22m 22:18:21
[2m   Duration [22m 135ms

[1m[30m[41m FAIL [49m[39m[22m [31mTests failed. Watching for file changes...[39m
       [2mpress [22m[1mh[22m[2m to show help[22m[2m, [22m[2mpress [22m[1mq[22m[2m to quit[22m
c[3J[1m[30m[44m RERUN [49m[39m[22m [34m[2msrc/services/paciService.test.js [22m[34mx2 [34m[39m

 [31mÔØ»[39m src/services/authErrors.test.js [2m([22m[2m11 tests[22m[2m | [22m[31m1 failed[39m[2m)[22m[32m 16[2mms[22m[39m
[31m       [31m├ù[31m debe tener codes definidos para errores conocidos[39m[32m 10[2mms[22m[39m
       [32mÔ£ô[39m debe retornar el c├│digo del error si existe[32m 1[2mms[22m[39m
       [32mÔ£ô[39m debe retornar null si no hay c├│digo[32m 0[2mms[22m[39m
       [32mÔ£ô[39m debe detectar errores de credenciales inv├ílidas[32m 0[2mms[22m[39m
       [32mÔ£ô[39m debe retornar false para otros errores[32m 0[2mms[22m[39m
       [32mÔ£ô[39m debe detectar errores de sesi├│n expirada[32m 0[2mms[22m[39m
       [32mÔ£ô[39m debe retornar false para otros errores[32m 0[2mms[22m[39m
       [32mÔ£ô[39m retorna el mensaje del backend cuando est├í disponible[32m 0[2mms[22m[39m
       [32mÔ£ô[39m debe usar el fallback cuando el mensaje no existe[32m 0[2mms[22m[39m
       [32mÔ£ô[39m debe retornar fallback cuando errorData es undefined[32m 0[2mms[22m[39m
       [32mÔ£ô[39m debe retornar mensaje vac├¡o si no hay fallback[32m 0[2mms[22m[39m
 [31mÔØ»[39m src/App.test.jsx [2m([22m[2m14 tests[22m[2m | [22m[31m11 failed[39m[2m)[22m[32m 127[2mms[22m[39m
     [32mÔ£ô[39m debe renderizar sin errores[32m 61[2mms[22m[39m
     [32mÔ£ô[39m debe mostrar FloatingSessionIndicator[32m 13[2mms[22m[39m
     [32mÔ£ô[39m debe mostrar SessionToast[32m 4[2mms[22m[39m
[31m     [31m├ù[31m debe proporcionar AuthProvider[39m[32m 12[2mms[22m[39m
[31m     [31m├ù[31m debe proporcionar ActiveSessionProvider[39m[32m 4[2mms[22m[39m
[31m     [31m├ù[31m debe mostrar loading mientras carga autenticaci├│n[39m[32m 8[2mms[22m[39m
[31m     [31m├ù[31m debe redirigir a login si no est├í autenticado[39m[32m 2[2mms[22m[39m
[31m     [31m├ù[31m debe mostrar p├ígina protegida si est├í autenticado[39m[32m 3[2mms[22m[39m
[31m     [31m├ù[31m debe mostrar LoginPage en ruta /login[39m[32m 3[2mms[22m[39m
[31m     [31m├ù[31m debe mostrar DashboardPage en ruta /dashboard[39m[32m 3[2mms[22m[39m
[31m     [31m├ù[31m debe mostrar PACIPage en ruta /paci[39m[32m 3[2mms[22m[39m
[31m     [31m├ù[31m debe mostrar ProfilePage en ruta /profile[39m[32m 3[2mms[22m[39m
[31m     [31m├ù[31m debe redirigir ruta ra├¡z a /dashboard[39m[32m 3[2mms[22m[39m
[31m     [31m├ù[31m debe manejar rutas inexistentes[39m[32m 2[2mms[22m[39m
 [31mÔØ»[39m src/components/ui/FloatingSessionIndicator.test.jsx [2m([22m[2m7 tests[22m[2m | [22m[31m7 failed[39m[2m)[22m[32m 64[2mms[22m[39m
[31m       [31m├ù[31m debe renderizar sin errores[39m[32m 39[2mms[22m[39m
[31m       [31m├ù[31m no debe mostrar indicador si no hay sesi├│n activa[39m[32m 4[2mms[22m[39m
[31m       [31m├ù[31m debe mostrar indicador cuando hay sesi├│n activa[39m[32m 3[2mms[22m[39m
[31m       [31m├ù[31m debe mostrar el estado de la sesi├│n[39m[32m 2[2mms[22m[39m
[31m       [31m├ù[31m debe cambiar de color seg├║n el estado[39m[32m 4[2mms[22m[39m
[31m       [31m├ù[31m debe tener posici├│n flotante[39m[32m 3[2mms[22m[39m
[31m       [31m├ù[31m debe mostrar animaci├│n cuando est├í en running[39m[32m 2[2mms[22m[39m
 [31mÔØ»[39m src/context/ActiveSessionContext.test.jsx [2m([22m[2m10 tests[22m[2m | [22m[31m2 failed[39m[2m)[22m[32m 138[2mms[22m[39m
       [32mÔ£ô[39m debe iniciar sin sesi├│n activa[32m 49[2mms[22m[39m
[31m       [31m├ù[31m debe recuperar sesi├│n del localStorage si existe[39m[32m 11[2mms[22m[39m
       [32mÔ£ô[39m debe ignorar datos inv├ílidos del localStorage[32m 3[2mms[22m[39m
       [32mÔ£ô[39m debe permitir iniciar el rastreo de una sesi├│n[32m 34[2mms[22m[39m
       [32mÔ£ô[39m debe permitir detener el rastreo de una sesi├│n[32m 7[2mms[22m[39m
       [32mÔ£ô[39m debe proporcionar contexto de sesi├│n activa[32m 5[2mms[22m[39m
[31m       [31m├ù[31m debe gestionar transiciones de fase correctamente[39m[32m 6[2mms[22m[39m
       [32mÔ£ô[39m debe manejar sesiones completadas[32m 3[2mms[22m[39m
       [32mÔ£ô[39m debe manejar errores en sesiones[32m 2[2mms[22m[39m
       [32mÔ£ô[39m debe limpiar localStorage al detener sesi├│n[32m 12[2mms[22m[39m
 [31mÔØ»[39m src/components/layout/MainContainer.test.jsx [2m([22m[2m11 tests[22m[2m | [22m[31m11 failed[39m[2m)[22m[32m 67[2mms[22m[39m
[31m       [31m├ù[31m debe renderizar sin errores[39m[32m 42[2mms[22m[39m
[31m       [31m├ù[31m debe renderizar contenido hijo[39m[32m 3[2mms[22m[39m
[31m       [31m├ù[31m debe renderizar m├║ltiples elementos hijos[39m[32m 2[2mms[22m[39m
[31m       [31m├ù[31m debe tener estructura de contenedor principal[39m[32m 1[2mms[22m[39m
[31m       [31m├ù[31m debe aplicar clases CSS apropiadaspara layout[39m[32m 2[2mms[22m[39m
[31m       [31m├ù[31m debe ser responsive[39m[32m 1[2mms[22m[39m
[31m       [31m├ù[31m debe tener padding/margin adecuado[39m[32m 1[2mms[22m[39m
[31m       [31m├ù[31m debe funcionar junto a TopNav[39m[32m 5[2mms[22m[39m
[31m       [31m├ù[31m debe usar etiqueta main sem├íntica si es posible[39m[32m 2[2mms[22m[39m
[31m       [31m├ù[31m debe manejar contenido grande[39m[32m 3[2mms[22m[39m
[31m       [31m├ù[31m debe permitir scroll si es necesario[39m[32m 1[2mms[22m[39m
 [31mÔØ»[39m src/components/layout/TopNav.test.jsx [2m([22m[2m13 tests[22m[2m | [22m[31m2 failed[39m[2m)[22m[32m 145[2mms[22m[39m
       [32mÔ£ô[39m debe renderizar sin errores[32m 56[2mms[22m[39m
       [32mÔ£ô[39m debe mostrar logo o branding[32m 7[2mms[22m[39m
       [32mÔ£ô[39m debe mostrar informaci├│n del usuario[32m 6[2mms[22m[39m
       [32mÔ£ô[39m debe mostrar men├║ de navegaci├│n[32m 7[2mms[22m[39m
       [32mÔ£ô[39m debe tener enlace a dashboard[32m 15[2mms[22m[39m
       [32mÔ£ô[39m debe tener enlace a PACI[32m 7[2mms[22m[39m
       [32mÔ£ô[39m debe mostrar opci├│n de logout[32m 5[2mms[22m[39m
       [32mÔ£ô[39m debe llamar logout cuando se hace clic[32m 7[2mms[22m[39m
       [32mÔ£ô[39m debe mostrar opci├│n de perfil[32m 4[2mms[22m[39m
[31m       [31m├ù[31m debe ser responsive[39m[32m 11[2mms[22m[39m
       [32mÔ£ô[39m debe tener men├║ mobile si es necesario[32m 5[2mms[22m[39m
[31m       [31m├ù[31m debe tener estructura nav sem├íntica[39m[32m 5[2mms[22m[39m
       [32mÔ£ô[39m debe tener aria-label en botones importantes[32m 4[2mms[22m[39m
 [31mÔØ»[39m src/constants/api.test.js [2m([22m[2m16 tests[22m[2m | [22m[31m4 failed[39m[2m)[22m[32m 26[2mms[22m[39m
       [32mÔ£ô[39m debe tener todos los endpoints de autenticaci├│n[32m 4[2mms[22m[39m
       [32mÔ£ô[39m debe retornar strings v├ílidos para endpoints[32m 1[2mms[22m[39m
[31m       [31m├ù[31m debe tener endpoints bien formados[39m[32m 9[2mms[22m[39m
       [32mÔ£ô[39m debe tener todos los endpoints de chat[32m 0[2mms[22m[39m
       [32mÔ£ô[39m debe retornar funciones para endpoints din├ímicos[32m 0[2mms[22m[39m
       [32mÔ£ô[39m debe construir URLs de sesi├│n din├ímicas correctamente[32m 0[2mms[22m[39m
       [32mÔ£ô[39m debe retornar START como string[32m 0[2mms[22m[39m
       [32mÔ£ô[39m debe tener todos los endpoints de jobs[32m 0[2mms[22m[39m
       [32mÔ£ô[39m debe retornar funciones para endpoints din├ímicos[32m 0[2mms[22m[39m
       [32mÔ£ô[39m debe construir URLs de job din├ímicas correctamente[32m 0[2mms[22m[39m
       [32mÔ£ô[39m debe retornar strings para endpoints est├íticos[32m 0[2mms[22m[39m
[31m       [31m├ù[31m debe tener URLs base definidas[39m[32m 2[2mms[22m[39m
[31m       [31m├ù[31m debe retornar strings v├ílidos para URLs[39m[32m 4[2mms[22m[39m
[31m       [31m├ù[31m debe tener URLs que comiencen con http o env var[39m[32m 1[2mms[22m[39m
       [32mÔ£ô[39m no debe haber conflictos entre endpoints[32m 0[2mms[22m[39m
       [32mÔ£ô[39m debe seguir convenci├│n de rutas REST[32m 0[2mms[22m[39m
 [31mÔØ»[39m src/components/features/CreatePACIModal.test.jsx [2m([22m[2m14 tests[22m[2m | [22m[31m14 failed[39m[2m)[22m[32m 73[2mms[22m[39m
[31m       [31m├ù[31m debe renderizar sin errores cuando est├í abierto[39m[32m 33[2mms[22m[39m
[31m       [31m├ù[31m no debe renderizar cuando est├í cerrado[39m[32m 5[2mms[22m[39m
[31m       [31m├ù[31m debe mostrar t├¡tulo del modal[39m[32m 4[2mms[22m[39m
[31m       [31m├ù[31m debe tener campo para nombre del estudiante[39m[32m 3[2mms[22m[39m
[31m       [31m├ù[31m debe tener campos de formulario[39m[32m 3[2mms[22m[39m
[31m       [31m├ù[31m debe llamar onSuccess cuando se env├¡a el formulario correctamente[39m[32m 3[2mms[22m[39m
[31m       [31m├ù[31m debe validar campos requeridos[39m[32m 2[2mms[22m[39m
[31m       [31m├ù[31m debe cerrar modal cuando se hace clic en Cancelar[39m[32m 2[2mms[22m[39m
[31m       [31m├ù[31m debe cerrar cuando se presiona ESC[39m[32m 2[2mms[22m[39m
[31m       [31m├ù[31m debe llamar onClose cuando se hace clic fuera del modal[39m[32m 2[2mms[22m[39m
[31m       [31m├ù[31m debe mostrar mensaje de error si falla la creaci├│n[39m[32m 3[2mms[22m[39m
[31m       [31m├ù[31m debe mostrar loading durante el env├¡o[39m[32m 3[2mms[22m[39m
[31m       [31m├ù[31m debe ser accesible con teclado[39m[32m 2[2mms[22m[39m
[31m       [31m├ù[31m debe tener aria-label descriptivo[39m[32m 2[2mms[22m[39m
 [31mÔØ»[39m src/components/ui/SessionToast.test.jsx [2m([22m[2m7 tests[22m[2m | [22m[31m7 failed[39m[2m)[22m[32m 56[2mms[22m[39m
[31m       [31m├ù[31m debe renderizar sin errores[39m[32m 42[2mms[22m[39m
[31m       [31m├ù[31m no debe mostrar nada si no hay sesi├│n activa[39m[32m 3[2mms[22m[39m
[31m       [31m├ù[31m debe mostrar toast cuando hay sesi├│n en ejecuci├│n[39m[32m 2[2mms[22m[39m
[31m       [31m├ù[31m debe mostrar mensaje cuando sesi├│n est├í completada[39m[32m 2[2mms[22m[39m
[31m       [31m├ù[31m debe mostrar error cuando hay error en sesi├│n[39m[32m 1[2mms[22m[39m
[31m       [31m├ù[31m debe mostrar indicador cuando est├í esperando HITL[39m[32m 1[2mms[22m[39m
[31m       [31m├ù[31m debe actualizar cuando cambia el estado de la sesi├│n[39m[32m 1[2mms[22m[39m
 [31mÔØ»[39m src/services/jobsService.test.js [2m([22m[2m0 test[22m[2m)[22m
 [31mÔØ»[39m docs/swagger.spec.js [2m([22m[2m0 test[22m[2m)[22m
 [31mÔØ»[39m src/components/features/EditPACIModal.test.jsx [2m([22m[2m0 test[22m[2m)[22m
 [31mÔØ»[39m src/components/features/ViewPACIModal.test.jsx [2m([22m[2m0 test[22m[2m)[22m
 [32mÔ£ô[39m src/services/paciService.test.js [2m([22m[2m11 tests[22m[2m)[22m[32m 7[2mms[22m[39m

[31mÔÄ»ÔÄ»ÔÄ»ÔÄ»[39m[1m[41m Unhandled Rejection 
[49m[22m[31mÔÄ»ÔÄ»ÔÄ»ÔÄ»ÔÄ»[39m
[31m[1mError[22m: Something removed the coverage directory 
"C:/Users/lucia/Documents/ms-prisma-front-30-04/prisma-front/coverage/.tmp" 
Vitest created earlier. Make sure you are not running multiple Vitests with 
the same "coverage.reportsDirectory" at the same time.[39m
[90m [2mÔØ»[22m V8CoverageProvider.normalizeCoverageFileError 
node_modules/vitest/dist/chunks/coverage.DM_a_rWm.js:[2m729:128[22m[39m
[90m [2mÔØ»[22m 
node_modules/vitest/dist/chunks/coverage.DM_a_rWm.js:[2m764:18[22m[39m
[90m [2mÔØ»[22m 
node_modules/vitest/dist/chunks/coverage.DM_a_rWm.js:[2m763:23[22m[39m
[90m [2mÔØ»[22m V8CoverageProvider.readCoverageFiles 
node_modules/vitest/dist/chunks/coverage.DM_a_rWm.js:[2m762:5[22m[39m
[90m [2mÔØ»[22m V8CoverageProvider.generateCoverage 
node_modules/@vitest/coverage-v8/dist/provider.js:[2m32:3[22m[39m
[90m [2mÔØ»[22m 
node_modules/vitest/dist/chunks/cli-api.Cjt90eJu.js:[2m13588:23[22m[39m
[90m [2mÔØ»[22m 
node_modules/vitest/dist/chunks/cli-api.Cjt90eJu.js:[2m13601:11[22m[39m
[90m [2mÔØ»[22m Timeout._onTimeout 
node_modules/vitest/dist/chunks/cli-api.Cjt90eJu.js:[2m13876:4[22m[39m

[31m[1mCaused by: Error[22m: ENOENT: no such file or directory, open 'C:\Use
rs\lucia\Documents\ms-prisma-front-30-04\prisma-front\coverage\.tmp\coverage-24
.json'[39m
[90m [2mÔØ»[22m open node:internal/fs/promises:[2m641:25[22m[39m
[90m [2mÔØ»[22m Object.readFile 
node:internal/fs/promises:[2m1245:14[22m[39m
[90m [2mÔØ»[22m 
node_modules/vitest/dist/chunks/coverage.DM_a_rWm.js:[2m763:23[22m[39m
[90m [2mÔØ»[22m V8CoverageProvider.readCoverageFiles 
node_modules/vitest/dist/chunks/coverage.DM_a_rWm.js:[2m762:5[22m[39m
[90m [2mÔØ»[22m V8CoverageProvider.generateCoverage 
node_modules/@vitest/coverage-v8/dist/provider.js:[2m32:3[22m[39m
[90m [2mÔØ»[22m 
node_modules/vitest/dist/chunks/cli-api.Cjt90eJu.js:[2m13588:23[22m[39m
[90m [2mÔØ»[22m 
node_modules/vitest/dist/chunks/cli-api.Cjt90eJu.js:[2m13601:11[22m[39m
[90m [2mÔØ»[22m Timeout._onTimeout 
node_modules/vitest/dist/chunks/cli-api.Cjt90eJu.js:[2m13876:4[22m[39m

[31m[2mÔÄ»ÔÄ»ÔÄ»ÔÄ»ÔÄ»ÔÄ»ÔÄ»ÔÄ»ÔÄ»ÔÄ»ÔÄ»ÔÄ»ÔÄ»ÔÄ»ÔÄ»ÔÄ»ÔÄ»ÔÄ»ÔÄ»ÔÄ»ÔÄ»ÔÄ»ÔÄ»Ô
Ä»ÔÄ»ÔÄ»ÔÄ»ÔÄ»ÔÄ»ÔÄ»[22m[39m
[31m[1mSerialized Error:[22m[39m [90m{ errno: -4058, code: 'ENOENT', 
syscall: 'open', path: 'C:\Users\lucia\Documents\ms-prisma-front-30-04\prisma-f
ront\coverage\.tmp\coverage-24.json' }[39m



